#
# There is insufficient memory for the Java Runtime Environment to continue.
# Native memory allocation (malloc) failed to allocate 1048576 bytes. Error detail: AllocateHeap
# Possible reasons:
#   The system is out of physical RAM or swap space
#   This process is running with CompressedOops enabled, and the Java Heap may be blocking the growth of the native heap
# Possible solutions:
#   Reduce memory load on the system
#   Increase physical memory or swap space
#   Check if swap backing store is full
#   Decrease Java heap size (-Xmx/-Xms)
#   Decrease number of Java threads
#   Decrease Java thread stack sizes (-Xss)
#   Set larger code cache with -XX:ReservedCodeCacheSize=
#   JVM is running with Unscaled Compressed Oops mode in which the Java heap is
#     placed in the first 4GB address space. The Java Heap base address is the
#     maximum limit for the native heap growth. Please use -XX:HeapBaseMinAddress
#     to set the Java Heap base and to place the Java Heap above 4GB virtual address.
# This output file may be truncated or incomplete.
#
#  Out of Memory Error (allocation.cpp:44), pid=10912, tid=15312
#
# JRE version: OpenJDK Runtime Environment Temurin-21.0.9+10 (21.0.9+10) (build 21.0.9+10-LTS)
# Java VM: OpenJDK 64-Bit Server VM Temurin-21.0.9+10 (21.0.9+10-LTS, mixed mode, sharing, tiered, compressed oops, compressed class ptrs, parallel gc, windows-amd64)
# No core dump will be written. Minidumps are not enabled by default on client versions of Windows
#

---------------  S U M M A R Y ------------

Command Line: --add-modules=ALL-SYSTEM --add-opens=java.base/java.util=ALL-UNNAMED --add-opens=java.base/java.lang=ALL-UNNAMED --add-opens=java.base/sun.nio.fs=ALL-UNNAMED -Declipse.application=org.eclipse.jdt.ls.core.id1 -Dosgi.bundles.defaultStartLevel=4 -Declipse.product=org.eclipse.jdt.ls.core.product -Djava.import.generatesMetadataFilesAtProjectRoot=false -DDetectVMInstallationsJob.disabled=true -Dfile.encoding=utf8 -XX:+UseParallelGC -XX:GCTimeRatio=4 -XX:AdaptiveSizePolicyWeight=90 -Dsun.zip.disableMemoryMapping=true -Xmx2G -Xms100m -Xlog:disable -javaagent:c:\Users\Tanishq\.vscode\extensions\redhat.java-1.49.0-win32-x64\lombok\lombok-1.18.39-4050.jar -XX:+HeapDumpOnOutOfMemoryError -XX:HeapDumpPath=c:\Users\Tanishq\AppData\Roaming\Code\User\workspaceStorage\53c3bf045e7d43b34f4193c12ff92d2c\redhat.java -Daether.dependencyCollector.impl=bf c:\Users\Tanishq\.vscode\extensions\redhat.java-1.49.0-win32-x64\server\plugins\org.eclipse.equinox.launcher_1.7.100.v20251111-0406.jar -configuration c:\Users\Tanishq\AppData\Roaming\Code\User\globalStorage\redhat.java\1.49.0\config_win -data c:\Users\Tanishq\AppData\Roaming\Code\User\workspaceStorage\53c3bf045e7d43b34f4193c12ff92d2c\redhat.java\jdt_ws --pipe=\\.\pipe\lsp-00c225d2ae788384be06098bc28e0712-sock

Host: AMD Ryzen 5 5500U with Radeon Graphics         , 12 cores, 7G,  Windows 11 , 64 bit Build 26100 (10.0.26100.7019)
Time: Tue Nov 25 19:00:17 2025 India Standard Time elapsed time: 31089.241060 seconds (0d 8h 38m 9s)

---------------  T H R E A D  ---------------

Current thread (0x0000018c90621f30):  JavaThread "Attach Listener" daemon [_thread_in_vm, id=15312, stack(0x0000000759300000,0x0000000759400000) (1024K)]

Stack: [0x0000000759300000,0x0000000759400000]
Native frames: (J=compiled Java code, j=interpreted, Vv=VM code, C=native code)
V  [jvm.dll+0x6d6e29]
V  [jvm.dll+0x8b4b76]
V  [jvm.dll+0x8b712e]
V  [jvm.dll+0x8b7813]
V  [jvm.dll+0x283d86]
V  [jvm.dll+0xc1277]
V  [jvm.dll+0x6d76d9]
V  [jvm.dll+0x133466]
V  [jvm.dll+0x3f7ea6]
V  [jvm.dll+0x85e9ad]
V  [jvm.dll+0x6d565d]
C  [ucrtbase.dll+0x37b0]
C  [KERNEL32.DLL+0x2e8d7]
C  [ntdll.dll+0x8c53c]


---------------  P R O C E S S  ---------------

Threads class SMR info:
_java_thread_list=0x0000018ce9735210, length=54, elements={
0x0000018c9068e600, 0x0000018c90619680, 0x0000018c9061c260, 0x0000018c90621060,
0x0000018c90621f30, 0x0000018c90626090, 0x0000018c9062ba10, 0x0000018ce947d570,
0x0000018ce9487990, 0x0000018ce96ba180, 0x0000018ce97b0a40, 0x0000018ceaabef60,
0x0000018ceaab33a0, 0x0000018ceab63150, 0x0000018ceab63fd0, 0x0000018cef6db190,
0x0000018cef592450, 0x0000018cef6c6500, 0x0000018cef6c3710, 0x0000018cef6c6b90,
0x0000018cef2be900, 0x0000018cef2be270, 0x0000018cef2bdbe0, 0x0000018cef2bef90,
0x0000018cef2bfcb0, 0x0000018cef2bf620, 0x0000018cef2c0340, 0x0000018cef2bcec0,
0x0000018cef2c09d0, 0x0000018cef2bd550, 0x0000018cef2c1060, 0x0000018cef2c16f0,
0x0000018cef2c1d80, 0x0000018cef2c2410, 0x0000018cef2c2aa0, 0x0000018cef2c3130,
0x0000018cf14dfbf0, 0x0000018cf3bb4550, 0x0000018cf3bb5270, 0x0000018cf3bb2480,
0x0000018c86d48520, 0x0000018c86d4a5f0, 0x0000018cf1a61a80, 0x0000018cf1a62110,
0x0000018cf1a627a0, 0x0000018cf1a62e30, 0x0000018cf1a63b50, 0x0000018cf1a606d0,
0x0000018cf1a641e0, 0x0000018cf1a60d60, 0x0000018cf1a662b0, 0x0000018cf1a67cf0,
0x0000018cf1a64870, 0x0000018cf14dc770
}

Java Threads: ( => current thread )
  0x0000018c9068e600 JavaThread "main"                              [_thread_blocked, id=22256, stack(0x0000000758c00000,0x0000000758d00000) (1024K)]
  0x0000018c90619680 JavaThread "Reference Handler"          daemon [_thread_blocked, id=23584, stack(0x0000000759000000,0x0000000759100000) (1024K)]
  0x0000018c9061c260 JavaThread "Finalizer"                  daemon [_thread_blocked, id=22796, stack(0x0000000759100000,0x0000000759200000) (1024K)]
  0x0000018c90621060 JavaThread "Signal Dispatcher"          daemon [_thread_blocked, id=27632, stack(0x0000000759200000,0x0000000759300000) (1024K)]
=>0x0000018c90621f30 JavaThread "Attach Listener"            daemon [_thread_in_vm, id=15312, stack(0x0000000759300000,0x0000000759400000) (1024K)]
  0x0000018c90626090 JavaThread "Service Thread"             daemon [_thread_blocked, id=13932, stack(0x0000000759400000,0x0000000759500000) (1024K)]
  0x0000018c9062ba10 JavaThread "Monitor Deflation Thread"   daemon [_thread_blocked, id=24752, stack(0x0000000759500000,0x0000000759600000) (1024K)]
  0x0000018ce947d570 JavaThread "C2 CompilerThread0"         daemon [_thread_blocked, id=23776, stack(0x0000000759600000,0x0000000759700000) (1024K)]
  0x0000018ce9487990 JavaThread "C1 CompilerThread0"         daemon [_thread_blocked, id=3036, stack(0x0000000759700000,0x0000000759800000) (1024K)]
  0x0000018ce96ba180 JavaThread "Common-Cleaner"             daemon [_thread_blocked, id=23372, stack(0x0000000759800000,0x0000000759900000) (1024K)]
  0x0000018ce97b0a40 JavaThread "Notification Thread"        daemon [_thread_blocked, id=10940, stack(0x0000000759900000,0x0000000759a00000) (1024K)]
  0x0000018ceaabef60 JavaThread "Active Thread: Equinox Container: 1ca619bc-461d-4695-8cc8-8a17bc9b33a2"        [_thread_blocked, id=15004, stack(0x0000000759b00000,0x0000000759c00000) (1024K)]
  0x0000018ceaab33a0 JavaThread "Refresh Thread: Equinox Container: 1ca619bc-461d-4695-8cc8-8a17bc9b33a2" daemon [_thread_blocked, id=16076, stack(0x000000075a200000,0x000000075a300000) (1024K)]
  0x0000018ceab63150 JavaThread "Framework Event Dispatcher: Equinox Container: 1ca619bc-461d-4695-8cc8-8a17bc9b33a2" daemon [_thread_blocked, id=15860, stack(0x000000075a400000,0x000000075a500000) (1024K)]
  0x0000018ceab63fd0 JavaThread "Start Level: Equinox Container: 1ca619bc-461d-4695-8cc8-8a17bc9b33a2" daemon [_thread_blocked, id=18456, stack(0x000000075a500000,0x000000075a600000) (1024K)]
  0x0000018cef6db190 JavaThread "Bundle File Closer"         daemon [_thread_blocked, id=19848, stack(0x000000075a800000,0x000000075a900000) (1024K)]
  0x0000018cef592450 JavaThread "SCR Component Actor"        daemon [_thread_blocked, id=5240, stack(0x0000000759a00000,0x0000000759b00000) (1024K)]
  0x0000018cef6c6500 JavaThread "Worker-JM"                         [_thread_blocked, id=6868, stack(0x000000075a900000,0x000000075aa00000) (1024K)]
  0x0000018cef6c3710 JavaThread "JNA Cleaner"                daemon [_thread_blocked, id=3700, stack(0x000000075ab00000,0x000000075ac00000) (1024K)]
  0x0000018cef6c6b90 JavaThread "Java indexing"              daemon [_thread_blocked, id=19824, stack(0x000000075b000000,0x000000075b100000) (1024K)]
  0x0000018cef2be900 JavaThread "Thread-1"                   daemon [_thread_in_native, id=18036, stack(0x000000075b500000,0x000000075b600000) (1024K)]
  0x0000018cef2be270 JavaThread "Thread-2"                   daemon [_thread_in_native, id=9476, stack(0x000000075b600000,0x000000075b700000) (1024K)]
  0x0000018cef2bdbe0 JavaThread "Thread-3"                   daemon [_thread_in_native, id=18228, stack(0x000000075b700000,0x000000075b800000) (1024K)]
  0x0000018cef2bef90 JavaThread "Thread-4"                   daemon [_thread_in_native, id=22820, stack(0x000000075b800000,0x000000075b900000) (1024K)]
  0x0000018cef2bfcb0 JavaThread "Thread-5"                   daemon [_thread_in_native, id=17636, stack(0x000000075b900000,0x000000075ba00000) (1024K)]
  0x0000018cef2bf620 JavaThread "Thread-6"                   daemon [_thread_in_native, id=8336, stack(0x000000075ba00000,0x000000075bb00000) (1024K)]
  0x0000018cef2c0340 JavaThread "Thread-7"                   daemon [_thread_in_native, id=28052, stack(0x000000075bb00000,0x000000075bc00000) (1024K)]
  0x0000018cef2bcec0 JavaThread "Thread-8"                   daemon [_thread_in_native, id=25636, stack(0x000000075bc00000,0x000000075bd00000) (1024K)]
  0x0000018cef2c09d0 JavaThread "Thread-9"                   daemon [_thread_in_native, id=15304, stack(0x000000075bd00000,0x000000075be00000) (1024K)]
  0x0000018cef2bd550 JavaThread "Thread-10"                  daemon [_thread_in_native, id=20208, stack(0x000000075be00000,0x000000075bf00000) (1024K)]
  0x0000018cef2c1060 JavaThread "Thread-11"                  daemon [_thread_in_native, id=10220, stack(0x000000075bf00000,0x000000075c000000) (1024K)]
  0x0000018cef2c16f0 JavaThread "Thread-12"                  daemon [_thread_in_native, id=25492, stack(0x000000075c000000,0x000000075c100000) (1024K)]
  0x0000018cef2c1d80 JavaThread "Thread-13"                  daemon [_thread_in_native, id=20360, stack(0x000000075c100000,0x000000075c200000) (1024K)]
  0x0000018cef2c2410 JavaThread "pool-2-thread-1"                   [_thread_blocked, id=22776, stack(0x000000075c200000,0x000000075c300000) (1024K)]
  0x0000018cef2c2aa0 JavaThread "WorkspaceEventsHandler"            [_thread_blocked, id=28164, stack(0x000000075c300000,0x000000075c400000) (1024K)]
  0x0000018cef2c3130 JavaThread "pool-1-thread-1"                   [_thread_blocked, id=14348, stack(0x000000075c400000,0x000000075c500000) (1024K)]
  0x0000018cf14dfbf0 JavaThread "Cleaner-0"                  daemon [_thread_blocked, id=17932, stack(0x000000075b100000,0x000000075b200000) (1024K)]
  0x0000018cf3bb4550 JavaThread "Java Debug Server"          daemon [_thread_in_native, id=17972, stack(0x0000000758a00000,0x0000000758b00000) (1024K)]
  0x0000018cf3bb5270 JavaThread "RxSchedulerPurge-1"         daemon [_thread_blocked, id=7944, stack(0x000000075e500000,0x000000075e600000) (1024K)]
  0x0000018cf3bb2480 JavaThread "RxCachedWorkerPoolEvictor-1" daemon [_thread_blocked, id=20824, stack(0x000000075e600000,0x000000075e700000) (1024K)]
  0x0000018c86d48520 JavaThread "ForkJoinPool.commonPool-worker-176" daemon [_thread_blocked, id=27608, stack(0x000000075d300000,0x000000075d400000) (1024K)]
  0x0000018c86d4a5f0 JavaThread "ForkJoinPool.commonPool-worker-178" daemon [_thread_blocked, id=27264, stack(0x000000075d600000,0x000000075d700000) (1024K)]
  0x0000018cf1a61a80 JavaThread "Worker-172"                        [_thread_blocked, id=5776, stack(0x0000000758900000,0x0000000758a00000) (1024K)]
  0x0000018cf1a62110 JavaThread "Worker-173"                        [_thread_blocked, id=25448, stack(0x000000075ac00000,0x000000075ad00000) (1024K)]
  0x0000018cf1a627a0 JavaThread "ForkJoinPool.commonPool-worker-180" daemon [_thread_blocked, id=18304, stack(0x000000075aa00000,0x000000075ab00000) (1024K)]
  0x0000018cf1a62e30 JavaThread "ForkJoinPool.commonPool-worker-181" daemon [_thread_blocked, id=2944, stack(0x0000000758b00000,0x0000000758c00000) (1024K)]
  0x0000018cf1a63b50 JavaThread "ForkJoinPool.commonPool-worker-182" daemon [_thread_blocked, id=19968, stack(0x000000075ad00000,0x000000075ae00000) (1024K)]
  0x0000018cf1a606d0 JavaThread "ForkJoinPool.commonPool-worker-183" daemon [_thread_blocked, id=23736, stack(0x000000075ae00000,0x000000075af00000) (1024K)]
  0x0000018cf1a641e0 JavaThread "ForkJoinPool.commonPool-worker-184" daemon [_thread_blocked, id=11404, stack(0x000000075b200000,0x000000075b300000) (1024K)]
  0x0000018cf1a60d60 JavaThread "ForkJoinPool.commonPool-worker-185" daemon [_thread_blocked, id=26052, stack(0x000000075b300000,0x000000075b400000) (1024K)]
  0x0000018cf1a662b0 JavaThread "ForkJoinPool.commonPool-worker-186" daemon [_thread_blocked, id=16600, stack(0x000000075b400000,0x000000075b500000) (1024K)]
  0x0000018cf1a67cf0 JavaThread "ForkJoinPool.commonPool-worker-187" daemon [_thread_blocked, id=856, stack(0x000000075c600000,0x000000075c700000) (1024K)]
  0x0000018cf1a64870 JavaThread "ForkJoinPool.commonPool-worker-188" daemon [_thread_blocked, id=7608, stack(0x000000075c700000,0x000000075c800000) (1024K)]
  0x0000018cf14dc770 JavaThread "Worker-176"                        [_thread_blocked, id=24720, stack(0x000000075af00000,0x000000075b000000) (1024K)]
Total: 54

Other Threads:
  0x0000018c8e3164d0 VMThread "VM Thread"                           [id=24620, stack(0x0000000758f00000,0x0000000759000000) (1024K)]
  0x0000018c9050ca10 WatcherThread "VM Periodic Task Thread"        [id=18428, stack(0x0000000758e00000,0x0000000758f00000) (1024K)]
  0x0000018c8e315d90 WorkerThread "GC Thread#0"                     [id=25372, stack(0x0000000758d00000,0x0000000758e00000) (1024K)]
  0x0000018c8e316fb0 WorkerThread "GC Thread#1"                     [id=5132, stack(0x0000000759c00000,0x0000000759d00000) (1024K)]
  0x0000018c8e315650 WorkerThread "GC Thread#2"                     [id=14292, stack(0x0000000759d00000,0x0000000759e00000) (1024K)]
  0x0000018cea565090 WorkerThread "GC Thread#3"                     [id=28088, stack(0x0000000759e00000,0x0000000759f00000) (1024K)]
  0x0000018cea564210 WorkerThread "GC Thread#4"                     [id=11512, stack(0x0000000759f00000,0x000000075a000000) (1024K)]
  0x0000018cea564950 WorkerThread "GC Thread#5"                     [id=12604, stack(0x000000075a000000,0x000000075a100000) (1024K)]
  0x0000018cea5657d0 WorkerThread "GC Thread#6"                     [id=17692, stack(0x000000075a100000,0x000000075a200000) (1024K)]
  0x0000018cea561dd0 WorkerThread "GC Thread#7"                     [id=9288, stack(0x000000075a300000,0x000000075a400000) (1024K)]
  0x0000018cea562ff0 WorkerThread "GC Thread#8"                     [id=9736, stack(0x000000075a600000,0x000000075a700000) (1024K)]
  0x0000018cea563390 WorkerThread "GC Thread#9"                     [id=10776, stack(0x000000075a700000,0x000000075a800000) (1024K)]
Total: 12

Threads with active compile tasks:
Total: 0

VM state: not at safepoint (normal execution)

VM Mutex/Monitor currently owned by a thread: None

Heap address: 0x0000000080000000, size: 2048 MB, Compressed Oops mode: 32-bit

CDS archive(s) mapped at: [0x0000018ca7000000-0x0000018ca7ba0000-0x0000018ca7ba0000), size 12189696, SharedBaseAddress: 0x0000018ca7000000, ArchiveRelocationMode: 1.
Compressed class space mapped at: 0x0000018ca8000000-0x0000018ce8000000, reserved size: 1073741824
Narrow klass base: 0x0000018ca7000000, Narrow klass shift: 0, Narrow klass range: 0x100000000

GC Precious Log:
 CardTable entry size: 512
 CPUs: 12 total, 12 available
 Memory: 7501M
 Large Page Support: Disabled
 NUMA Support: Disabled
 Compressed Oops: Enabled (32-bit)
 Alignments: Space 512K, Generation 512K, Heap 2M
 Heap Min Capacity: 100M
 Heap Initial Capacity: 100M
 Heap Max Capacity: 2G
 Pre-touch: Disabled
 Parallel Workers: 10

Heap:
 PSYoungGen      total 12800K, used 10729K [0x00000000d5580000, 0x00000000d6580000, 0x0000000100000000)
  eden space 11776K, 85% used [0x00000000d5580000,0x00000000d5f5c810,0x00000000d6100000)
  from space 1024K, 61% used [0x00000000d6100000,0x00000000d619de58,0x00000000d6200000)
  to   space 1024K, 0% used [0x00000000d6480000,0x00000000d6480000,0x00000000d6580000)
 ParOldGen       total 1189376K, used 1187477K [0x0000000080000000, 0x00000000c8980000, 0x00000000d5580000)
  object space 1189376K, 99% used [0x0000000080000000,0x00000000c87a5410,0x00000000c8980000)
 Metaspace       used 106980K, committed 109120K, reserved 1179648K
  class space    used 10478K, committed 11520K, reserved 1048576K

Card table byte_map: [0x0000018c90020000,0x0000018c90430000] _byte_map_base: 0x0000018c8fc20000

Marking Bits: (ParMarkBitMap*) 0x00007ffe7c1d2460
 Begin Bits: [0x0000018ca2b30000, 0x0000018ca4b30000)
 End Bits:   [0x0000018ca4b30000, 0x0000018ca6b30000)

Polling page: 0x0000018c8e500000

Metaspace:

Usage:
  Non-class:     94.24 MB used.
      Class:     10.23 MB used.
       Both:    104.47 MB used.

Virtual space:
  Non-class space:      128.00 MB reserved,      95.31 MB ( 74%) committed,  2 nodes.
      Class space:        1.00 GB reserved,      11.25 MB (  1%) committed,  1 nodes.
             Both:        1.12 GB reserved,     106.56 MB (  9%) committed. 

Chunk freelists:
   Non-Class:  16.41 MB
       Class:  4.86 MB
        Both:  21.27 MB

MaxMetaspaceSize: unlimited
CompressedClassSpaceSize: 1.00 GB
Initial GC threshold: 21.00 MB
Current GC threshold: 177.50 MB
CDS: on
 - commit_granule_bytes: 65536.
 - commit_granule_words: 8192.
 - virtual_space_node_default_size: 8388608.
 - enlarge_chunks_in_place: 1.
 - use_allocation_guard: 0.


Internal statistics:

num_allocs_failed_limit: 9.
num_arena_births: 2854.
num_arena_deaths: 948.
num_vsnodes_births: 3.
num_vsnodes_deaths: 0.
num_space_committed: 1716.
num_space_uncommitted: 8.
num_chunks_returned_to_freelist: 1261.
num_chunks_taken_from_freelist: 9020.
num_chunk_merges: 323.
num_chunk_splits: 4900.
num_chunks_enlarged: 2539.
num_inconsistent_stats: 0.

CodeHeap 'non-profiled nmethods': size=120000Kb used=38155Kb max_used=39581Kb free=81844Kb
 bounds [0x0000018c9b350000, 0x0000018c9da00000, 0x0000018ca2880000]
CodeHeap 'profiled nmethods': size=120000Kb used=46256Kb max_used=55657Kb free=73743Kb
 bounds [0x0000018c93880000, 0x0000018c96f20000, 0x0000018c9adb0000]
CodeHeap 'non-nmethods': size=5760Kb used=1561Kb max_used=1676Kb free=4198Kb
 bounds [0x0000018c9adb0000, 0x0000018c9b020000, 0x0000018c9b350000]
CodeCache: size=245760Kb, used=85972Kb, max_used=96914Kb, free=159785Kb
 total_blobs=21489, nmethods=20610, adapters=777, full_count=0
Compilation: enabled, stopped_count=0, restarted_count=0

Compilation events (20 events):
Event: 31002.271 Thread 0x0000018ce947d570 45442   !   4       org.eclipse.jdt.internal.compiler.ast.QualifiedTypeReference::recordResolution (72 bytes)
Event: 31002.278 Thread 0x0000018ce947d570 nmethod 45442 0x0000018c9c963790 code [0x0000018c9c963960, 0x0000018c9c963e20]
Event: 31002.681 Thread 0x0000018ce947d570 45443       4       org.eclipse.jdt.internal.compiler.parser.Scanner::consumeDigits0 (79 bytes)
Event: 31002.727 Thread 0x0000018ce9487990 45444       3       org.eclipse.jdt.internal.codeassist.select.SelectionParser::createSingleAssistNameReference (10 bytes)
Event: 31002.728 Thread 0x0000018ce9487990 nmethod 45444 0x0000018c9422bd90 code [0x0000018c9422bf60, 0x0000018c9422c410]
Event: 31002.747 Thread 0x0000018ce947d570 nmethod 45443 0x0000018c9d2c6a10 code [0x0000018c9d2c6de0, 0x0000018c9d2c9048]
Event: 31003.061 Thread 0x0000018ce9487990 45445       3       org.eclipse.jdt.internal.core.hierarchy.HierarchyResolver::<init> (80 bytes)
Event: 31003.068 Thread 0x0000018ce9487990 nmethod 45445 0x0000018c949a3790 code [0x0000018c949a3a20, 0x0000018c949a48e0]
Event: 31048.264 Thread 0x0000018ce947d570 45446       4       org.eclipse.jdt.internal.compiler.util.ObjectVector::find (37 bytes)
Event: 31048.271 Thread 0x0000018ce947d570 nmethod 45446 0x0000018c9c485090 code [0x0000018c9c485240, 0x0000018c9c4855d0]
Event: 31048.663 Thread 0x0000018ce947d570 45447       4       org.eclipse.jdt.internal.core.search.matching.OrLocator::match (63 bytes)
Event: 31048.665 Thread 0x0000018ce947d570 nmethod 45447 0x0000018c9bea2c90 code [0x0000018c9bea2e20, 0x0000018c9bea2f88]
Event: 31048.736 Thread 0x0000018ce947d570 45448       4       org.eclipse.jdt.internal.compiler.lookup.BinaryTypeBinding::canBeSeenBy (28 bytes)
Event: 31048.741 Thread 0x0000018ce947d570 nmethod 45448 0x0000018c9cc13890 code [0x0000018c9cc13ae0, 0x0000018c9cc13f68]
Event: 31048.741 Thread 0x0000018ce947d570 45449       4       org.eclipse.jdt.internal.compiler.ast.Annotation::detectStandardAnnotation (697 bytes)
Event: 31048.759 Thread 0x0000018ce947d570 nmethod 45449 0x0000018c9d4b2210 code [0x0000018c9d4b2480, 0x0000018c9d4b2ee8]
Event: 31081.603 Thread 0x0000018ce9487990 45450  s    3       org.eclipse.jdt.apt.core.internal.generatedfile.GeneratedFileManager::removeFileFromReconcileMaps (222 bytes)
Event: 31081.621 Thread 0x0000018ce9487990 nmethod 45450 0x0000018c9533f190 code [0x0000018c9533f640, 0x0000018c953422b0]
Event: 31081.622 Thread 0x0000018ce9487990 45451       3       org.eclipse.jdt.internal.core.hierarchy.TypeHierarchy::isAffectedByChildren (63 bytes)
Event: 31081.633 Thread 0x0000018ce9487990 nmethod 45451 0x0000018c94410810 code [0x0000018c944109e0, 0x0000018c94410e68]

GC Heap History (20 events):
Event: 31048.748 GC heap before
{Heap before GC invocations=17263 (full 24):
 PSYoungGen      total 10752K, used 10304K [0x00000000d5580000, 0x00000000d6480000, 0x0000000100000000)
  eden space 8192K, 100% used [0x00000000d5580000,0x00000000d5d80000,0x00000000d5d80000)
  from space 2560K, 82% used [0x00000000d5e00000,0x00000000d6010020,0x00000000d6080000)
  to   space 3584K, 0% used [0x00000000d6100000,0x00000000d6100000,0x00000000d6480000)
 ParOldGen       total 1157632K, used 1157533K [0x0000000080000000, 0x00000000c6a80000, 0x00000000d5580000)
  object space 1157632K, 99% used [0x0000000080000000,0x00000000c6a677e8,0x00000000c6a80000)
 Metaspace       used 106977K, committed 109120K, reserved 1179648K
  class space    used 10478K, committed 11520K, reserved 1048576K
}
Event: 31048.753 GC heap after
{Heap after GC invocations=17263 (full 24):
 PSYoungGen      total 9728K, used 1056K [0x00000000d5580000, 0x00000000d6280000, 0x0000000100000000)
  eden space 8192K, 0% used [0x00000000d5580000,0x00000000d5580000,0x00000000d5d80000)
  from space 1536K, 68% used [0x00000000d6100000,0x00000000d6208000,0x00000000d6280000)
  to   space 2048K, 0% used [0x00000000d5e80000,0x00000000d5e80000,0x00000000d6080000)
 ParOldGen       total 1159680K, used 1159506K [0x0000000080000000, 0x00000000c6c80000, 0x00000000d5580000)
  object space 1159680K, 99% used [0x0000000080000000,0x00000000c6c54a10,0x00000000c6c80000)
 Metaspace       used 106977K, committed 109120K, reserved 1179648K
  class space    used 10478K, committed 11520K, reserved 1048576K
}
Event: 31048.762 GC heap before
{Heap before GC invocations=17264 (full 24):
 PSYoungGen      total 9728K, used 9248K [0x00000000d5580000, 0x00000000d6280000, 0x0000000100000000)
  eden space 8192K, 100% used [0x00000000d5580000,0x00000000d5d80000,0x00000000d5d80000)
  from space 1536K, 68% used [0x00000000d6100000,0x00000000d6208000,0x00000000d6280000)
  to   space 2048K, 0% used [0x00000000d5e80000,0x00000000d5e80000,0x00000000d6080000)
 ParOldGen       total 1159680K, used 1159506K [0x0000000080000000, 0x00000000c6c80000, 0x00000000d5580000)
  object space 1159680K, 99% used [0x0000000080000000,0x00000000c6c54a10,0x00000000c6c80000)
 Metaspace       used 106977K, committed 109120K, reserved 1179648K
  class space    used 10478K, committed 11520K, reserved 1048576K
}
Event: 31048.766 GC heap after
{Heap after GC invocations=17264 (full 24):
 PSYoungGen      total 9728K, used 1097K [0x00000000d5580000, 0x00000000d6180000, 0x0000000100000000)
  eden space 8192K, 0% used [0x00000000d5580000,0x00000000d5580000,0x00000000d5d80000)
  from space 1536K, 71% used [0x00000000d5e80000,0x00000000d5f92400,0x00000000d6000000)
  to   space 1536K, 0% used [0x00000000d6000000,0x00000000d6000000,0x00000000d6180000)
 ParOldGen       total 1160704K, used 1160362K [0x0000000080000000, 0x00000000c6d80000, 0x00000000d5580000)
  object space 1160704K, 99% used [0x0000000080000000,0x00000000c6d2aa48,0x00000000c6d80000)
 Metaspace       used 106977K, committed 109120K, reserved 1179648K
  class space    used 10478K, committed 11520K, reserved 1048576K
}
Event: 31048.799 GC heap before
{Heap before GC invocations=17265 (full 24):
 PSYoungGen      total 9728K, used 9289K [0x00000000d5580000, 0x00000000d6180000, 0x0000000100000000)
  eden space 8192K, 100% used [0x00000000d5580000,0x00000000d5d80000,0x00000000d5d80000)
  from space 1536K, 71% used [0x00000000d5e80000,0x00000000d5f92400,0x00000000d6000000)
  to   space 1536K, 0% used [0x00000000d6000000,0x00000000d6000000,0x00000000d6180000)
 ParOldGen       total 1160704K, used 1160362K [0x0000000080000000, 0x00000000c6d80000, 0x00000000d5580000)
  object space 1160704K, 99% used [0x0000000080000000,0x00000000c6d2aa48,0x00000000c6d80000)
 Metaspace       used 106977K, committed 109120K, reserved 1179648K
  class space    used 10478K, committed 11520K, reserved 1048576K
}
Event: 31048.803 GC heap after
{Heap after GC invocations=17265 (full 24):
 PSYoungGen      total 9728K, used 1369K [0x00000000d5580000, 0x00000000d6180000, 0x0000000100000000)
  eden space 8192K, 0% used [0x00000000d5580000,0x00000000d5580000,0x00000000d5d80000)
  from space 1536K, 89% used [0x00000000d6000000,0x00000000d6156410,0x00000000d6180000)
  to   space 1536K, 0% used [0x00000000d5e80000,0x00000000d5e80000,0x00000000d6000000)
 ParOldGen       total 1161728K, used 1161321K [0x0000000080000000, 0x00000000c6e80000, 0x00000000d5580000)
  object space 1161728K, 99% used [0x0000000080000000,0x00000000c6e1a548,0x00000000c6e80000)
 Metaspace       used 106977K, committed 109120K, reserved 1179648K
  class space    used 10478K, committed 11520K, reserved 1048576K
}
Event: 31054.756 GC heap before
{Heap before GC invocations=17266 (full 24):
 PSYoungGen      total 9728K, used 9561K [0x00000000d5580000, 0x00000000d6180000, 0x0000000100000000)
  eden space 8192K, 100% used [0x00000000d5580000,0x00000000d5d80000,0x00000000d5d80000)
  from space 1536K, 89% used [0x00000000d6000000,0x00000000d6156410,0x00000000d6180000)
  to   space 1536K, 0% used [0x00000000d5e80000,0x00000000d5e80000,0x00000000d6000000)
 ParOldGen       total 1161728K, used 1161321K [0x0000000080000000, 0x00000000c6e80000, 0x00000000d5580000)
  object space 1161728K, 99% used [0x0000000080000000,0x00000000c6e1a548,0x00000000c6e80000)
 Metaspace       used 106977K, committed 109120K, reserved 1179648K
  class space    used 10478K, committed 11520K, reserved 1048576K
}
Event: 31054.762 GC heap after
{Heap after GC invocations=17266 (full 24):
 PSYoungGen      total 8704K, used 393K [0x00000000d5580000, 0x00000000d6080000, 0x0000000100000000)
  eden space 8192K, 0% used [0x00000000d5580000,0x00000000d5580000,0x00000000d5d80000)
  from space 512K, 76% used [0x00000000d5e80000,0x00000000d5ee2400,0x00000000d5f00000)
  to   space 1024K, 0% used [0x00000000d5f80000,0x00000000d5f80000,0x00000000d6080000)
 ParOldGen       total 1162752K, used 1162333K [0x0000000080000000, 0x00000000c6f80000, 0x00000000d5580000)
  object space 1162752K, 99% used [0x0000000080000000,0x00000000c6f175c8,0x00000000c6f80000)
 Metaspace       used 106977K, committed 109120K, reserved 1179648K
  class space    used 10478K, committed 11520K, reserved 1048576K
}
Event: 31056.654 GC heap before
{Heap before GC invocations=17267 (full 24):
 PSYoungGen      total 8704K, used 8452K [0x00000000d5580000, 0x00000000d6080000, 0x0000000100000000)
  eden space 8192K, 98% used [0x00000000d5580000,0x00000000d5d5eec8,0x00000000d5d80000)
  from space 512K, 76% used [0x00000000d5e80000,0x00000000d5ee2400,0x00000000d5f00000)
  to   space 1024K, 0% used [0x00000000d5f80000,0x00000000d5f80000,0x00000000d6080000)
 ParOldGen       total 1162752K, used 1162333K [0x0000000080000000, 0x00000000c6f80000, 0x00000000d5580000)
  object space 1162752K, 99% used [0x0000000080000000,0x00000000c6f175c8,0x00000000c6f80000)
 Metaspace       used 106977K, committed 109120K, reserved 1179648K
  class space    used 10478K, committed 11520K, reserved 1048576K
}
Event: 31057.662 GC heap after
{Heap after GC invocations=17267 (full 24):
 PSYoungGen      total 8704K, used 321K [0x00000000d5580000, 0x00000000d6000000, 0x0000000100000000)
  eden space 8192K, 0% used [0x00000000d5580000,0x00000000d5580000,0x00000000d5d80000)
  from space 512K, 62% used [0x00000000d5f80000,0x00000000d5fd0618,0x00000000d6000000)
  to   space 512K, 0% used [0x00000000d5e80000,0x00000000d5e80000,0x00000000d5f00000)
 ParOldGen       total 1168896K, used 1168587K [0x0000000080000000, 0x00000000c7580000, 0x00000000d5580000)
  object space 1168896K, 99% used [0x0000000080000000,0x00000000c7532ee8,0x00000000c7580000)
 Metaspace       used 106977K, committed 109120K, reserved 1179648K
  class space    used 10478K, committed 11520K, reserved 1048576K
}
Event: 31057.689 GC heap before
{Heap before GC invocations=17268 (full 24):
 PSYoungGen      total 8704K, used 8384K [0x00000000d5580000, 0x00000000d6000000, 0x0000000100000000)
  eden space 8192K, 98% used [0x00000000d5580000,0x00000000d5d5fd80,0x00000000d5d80000)
  from space 512K, 62% used [0x00000000d5f80000,0x00000000d5fd0618,0x00000000d6000000)
  to   space 512K, 0% used [0x00000000d5e80000,0x00000000d5e80000,0x00000000d5f00000)
 ParOldGen       total 1168896K, used 1168768K [0x0000000080000000, 0x00000000c7580000, 0x00000000d5580000)
  object space 1168896K, 99% used [0x0000000080000000,0x00000000c7560138,0x00000000c7580000)
 Metaspace       used 106977K, committed 109120K, reserved 1179648K
  class space    used 10478K, committed 11520K, reserved 1048576K
}
Event: 31058.703 GC heap after
{Heap after GC invocations=17268 (full 24):
 PSYoungGen      total 8704K, used 466K [0x00000000d5580000, 0x00000000d6000000, 0x0000000100000000)
  eden space 8192K, 0% used [0x00000000d5580000,0x00000000d5580000,0x00000000d5d80000)
  from space 512K, 91% used [0x00000000d5e80000,0x00000000d5ef4ac8,0x00000000d5f00000)
  to   space 512K, 0% used [0x00000000d5f80000,0x00000000d5f80000,0x00000000d6000000)
 ParOldGen       total 1175040K, used 1173481K [0x0000000080000000, 0x00000000c7b80000, 0x00000000d5580000)
  object space 1175040K, 99% used [0x0000000080000000,0x00000000c79fa410,0x00000000c7b80000)
 Metaspace       used 106977K, committed 109120K, reserved 1179648K
  class space    used 10478K, committed 11520K, reserved 1048576K
}
Event: 31058.714 GC heap before
{Heap before GC invocations=17269 (full 24):
 PSYoungGen      total 8704K, used 8658K [0x00000000d5580000, 0x00000000d6000000, 0x0000000100000000)
  eden space 8192K, 100% used [0x00000000d5580000,0x00000000d5d80000,0x00000000d5d80000)
  from space 512K, 91% used [0x00000000d5e80000,0x00000000d5ef4ac8,0x00000000d5f00000)
  to   space 512K, 0% used [0x00000000d5f80000,0x00000000d5f80000,0x00000000d6000000)
 ParOldGen       total 1175040K, used 1173709K [0x0000000080000000, 0x00000000c7b80000, 0x00000000d5580000)
  object space 1175040K, 99% used [0x0000000080000000,0x00000000c7a33430,0x00000000c7b80000)
 Metaspace       used 106977K, committed 109120K, reserved 1179648K
  class space    used 10478K, committed 11520K, reserved 1048576K
}
Event: 31058.718 GC heap after
{Heap after GC invocations=17269 (full 24):
 PSYoungGen      total 10240K, used 445K [0x00000000d5580000, 0x00000000d6080000, 0x0000000100000000)
  eden space 9728K, 0% used [0x00000000d5580000,0x00000000d5580000,0x00000000d5f00000)
  from space 512K, 86% used [0x00000000d5f80000,0x00000000d5fef500,0x00000000d6000000)
  to   space 512K, 0% used [0x00000000d5f00000,0x00000000d5f00000,0x00000000d5f80000)
 ParOldGen       total 1177088K, used 1175990K [0x0000000080000000, 0x00000000c7d80000, 0x00000000d5580000)
  object space 1177088K, 99% used [0x0000000080000000,0x00000000c7c6da70,0x00000000c7d80000)
 Metaspace       used 106977K, committed 109120K, reserved 1179648K
  class space    used 10478K, committed 11520K, reserved 1048576K
}
Event: 31058.728 GC heap before
{Heap before GC invocations=17270 (full 24):
 PSYoungGen      total 10240K, used 10094K [0x00000000d5580000, 0x00000000d6080000, 0x0000000100000000)
  eden space 9728K, 99% used [0x00000000d5580000,0x00000000d5eec380,0x00000000d5f00000)
  from space 512K, 86% used [0x00000000d5f80000,0x00000000d5fef500,0x00000000d6000000)
  to   space 512K, 0% used [0x00000000d5f00000,0x00000000d5f00000,0x00000000d5f80000)
 ParOldGen       total 1177088K, used 1175990K [0x0000000080000000, 0x00000000c7d80000, 0x00000000d5580000)
  object space 1177088K, 99% used [0x0000000080000000,0x00000000c7c6da70,0x00000000c7d80000)
 Metaspace       used 106977K, committed 109120K, reserved 1179648K
  class space    used 10478K, committed 11520K, reserved 1048576K
}
Event: 31058.734 GC heap after
{Heap after GC invocations=17270 (full 24):
 PSYoungGen      total 10240K, used 506K [0x00000000d5580000, 0x00000000d6300000, 0x0000000100000000)
  eden space 9728K, 0% used [0x00000000d5580000,0x00000000d5580000,0x00000000d5f00000)
  from space 512K, 98% used [0x00000000d5f00000,0x00000000d5f7e958,0x00000000d5f80000)
  to   space 1024K, 0% used [0x00000000d6200000,0x00000000d6200000,0x00000000d6300000)
 ParOldGen       total 1185280K, used 1183802K [0x0000000080000000, 0x00000000c8580000, 0x00000000d5580000)
  object space 1185280K, 99% used [0x0000000080000000,0x00000000c840e9d8,0x00000000c8580000)
 Metaspace       used 106977K, committed 109120K, reserved 1179648K
  class space    used 10478K, committed 11520K, reserved 1048576K
}
Event: 31058.744 GC heap before
{Heap before GC invocations=17271 (full 24):
 PSYoungGen      total 10240K, used 10075K [0x00000000d5580000, 0x00000000d6300000, 0x0000000100000000)
  eden space 9728K, 98% used [0x00000000d5580000,0x00000000d5ed8370,0x00000000d5f00000)
  from space 512K, 98% used [0x00000000d5f00000,0x00000000d5f7e958,0x00000000d5f80000)
  to   space 1024K, 0% used [0x00000000d6200000,0x00000000d6200000,0x00000000d6300000)
 ParOldGen       total 1185280K, used 1183802K [0x0000000080000000, 0x00000000c8580000, 0x00000000d5580000)
  object space 1185280K, 99% used [0x0000000080000000,0x00000000c840e9d8,0x00000000c8580000)
 Metaspace       used 106977K, committed 109120K, reserved 1179648K
  class space    used 10478K, committed 11520K, reserved 1048576K
}
Event: 31058.748 GC heap after
{Heap after GC invocations=17271 (full 24):
 PSYoungGen      total 12800K, used 860K [0x00000000d5580000, 0x00000000d6300000, 0x0000000100000000)
  eden space 11776K, 0% used [0x00000000d5580000,0x00000000d5580000,0x00000000d6100000)
  from space 1024K, 84% used [0x00000000d6200000,0x00000000d62d70f8,0x00000000d6300000)
  to   space 1024K, 0% used [0x00000000d6100000,0x00000000d6100000,0x00000000d6200000)
 ParOldGen       total 1185280K, used 1184353K [0x0000000080000000, 0x00000000c8580000, 0x00000000d5580000)
  object space 1185280K, 99% used [0x0000000080000000,0x00000000c8498780,0x00000000c8580000)
 Metaspace       used 106977K, committed 109120K, reserved 1179648K
  class space    used 10478K, committed 11520K, reserved 1048576K
}
Event: 31058.761 GC heap before
{Heap before GC invocations=17272 (full 24):
 PSYoungGen      total 12800K, used 12592K [0x00000000d5580000, 0x00000000d6300000, 0x0000000100000000)
  eden space 11776K, 99% used [0x00000000d5580000,0x00000000d60f4fb0,0x00000000d6100000)
  from space 1024K, 84% used [0x00000000d6200000,0x00000000d62d70f8,0x00000000d6300000)
  to   space 1024K, 0% used [0x00000000d6100000,0x00000000d6100000,0x00000000d6200000)
 ParOldGen       total 1185280K, used 1184353K [0x0000000080000000, 0x00000000c8580000, 0x00000000d5580000)
  object space 1185280K, 99% used [0x0000000080000000,0x00000000c8498780,0x00000000c8580000)
 Metaspace       used 106977K, committed 109120K, reserved 1179648K
  class space    used 10478K, committed 11520K, reserved 1048576K
}
Event: 31058.766 GC heap after
{Heap after GC invocations=17272 (full 24):
 PSYoungGen      total 12800K, used 631K [0x00000000d5580000, 0x00000000d6580000, 0x0000000100000000)
  eden space 11776K, 0% used [0x00000000d5580000,0x00000000d5580000,0x00000000d6100000)
  from space 1024K, 61% used [0x00000000d6100000,0x00000000d619de58,0x00000000d6200000)
  to   space 1024K, 0% used [0x00000000d6480000,0x00000000d6480000,0x00000000d6580000)
 ParOldGen       total 1189376K, used 1187477K [0x0000000080000000, 0x00000000c8980000, 0x00000000d5580000)
  object space 1189376K, 99% used [0x0000000080000000,0x00000000c87a5410,0x00000000c8980000)
 Metaspace       used 106977K, committed 109120K, reserved 1179648K
  class space    used 10478K, committed 11520K, reserved 1048576K
}

Dll operation events (12 events):
Event: 0.079 Loaded shared library c:\Users\Tanishq\.vscode\extensions\redhat.java-1.49.0-win32-x64\jre\21.0.9-win32-x86_64\bin\java.dll
Event: 0.246 Loaded shared library c:\Users\Tanishq\.vscode\extensions\redhat.java-1.49.0-win32-x64\jre\21.0.9-win32-x86_64\bin\zip.dll
Event: 0.289 Loaded shared library C:\Users\Tanishq\.vscode\extensions\redhat.java-1.49.0-win32-x64\jre\21.0.9-win32-x86_64\bin\instrument.dll
Event: 0.301 Loaded shared library C:\Users\Tanishq\.vscode\extensions\redhat.java-1.49.0-win32-x64\jre\21.0.9-win32-x86_64\bin\net.dll
Event: 0.308 Loaded shared library C:\Users\Tanishq\.vscode\extensions\redhat.java-1.49.0-win32-x64\jre\21.0.9-win32-x86_64\bin\nio.dll
Event: 0.318 Loaded shared library C:\Users\Tanishq\.vscode\extensions\redhat.java-1.49.0-win32-x64\jre\21.0.9-win32-x86_64\bin\zip.dll
Event: 0.360 Loaded shared library C:\Users\Tanishq\.vscode\extensions\redhat.java-1.49.0-win32-x64\jre\21.0.9-win32-x86_64\bin\jimage.dll
Event: 0.522 Loaded shared library c:\Users\Tanishq\.vscode\extensions\redhat.java-1.49.0-win32-x64\jre\21.0.9-win32-x86_64\bin\verify.dll
Event: 3.184 Loaded shared library C:\Users\Tanishq\AppData\Roaming\Code\User\globalStorage\redhat.java\1.49.0\config_win\org.eclipse.equinox.launcher\org.eclipse.equinox.launcher.win32.win32.x86_64_1.2.1400.v20250801-0854\eclipse_11916.dll
Event: 8.059 Loaded shared library C:\Users\Tanishq\AppData\Local\Temp\jna-122754740\jna13272271675997949507.dll
Event: 30.213 Loaded shared library C:\Users\Tanishq\.vscode\extensions\redhat.java-1.49.0-win32-x64\jre\21.0.9-win32-x86_64\bin\sunmscapi.dll
Event: 2373.473 Loaded shared library C:\Users\Tanishq\.vscode\extensions\redhat.java-1.49.0-win32-x64\jre\21.0.9-win32-x86_64\bin\extnet.dll

Deoptimization events (20 events):
Event: 30942.545 Thread 0x0000018cf1a641e0 Uncommon trap: trap_request=0xffffffde fr.pc=0x0000018c9c432640 relative=0x0000000000002720
Event: 30942.545 Thread 0x0000018cf1a641e0 Uncommon trap: reason=class_check action=maybe_recompile pc=0x0000018c9c432640 method=org.eclipse.jdt.internal.compiler.ast.LocalDeclaration.resolve(Lorg/eclipse/jdt/internal/compiler/lookup/BlockScope;)V @ 991 c2
Event: 30942.545 Thread 0x0000018cf1a641e0 DEOPT PACKING pc=0x0000018c9c432640 sp=0x000000075b2fe420
Event: 30942.562 Thread 0x0000018cf1a641e0 DEOPT UNPACKING pc=0x0000018c9ae03aa2 sp=0x000000075b2fe3e0 mode 2
Event: 30946.539 Thread 0x0000018cf1a67cf0 Uncommon trap: trap_request=0xffffffc6 fr.pc=0x0000018c9d49f80c relative=0x0000000000000e4c
Event: 30946.539 Thread 0x0000018cf1a67cf0 Uncommon trap: reason=bimorphic_or_optimized_type_check action=maybe_recompile pc=0x0000018c9d49f80c method=org.eclipse.jdt.internal.compiler.CompilationResult.getContents()[C @ 27 c2
Event: 30946.539 Thread 0x0000018cf1a67cf0 DEOPT PACKING pc=0x0000018c9d49f80c sp=0x000000075c6fe470
Event: 30946.539 Thread 0x0000018cf1a67cf0 DEOPT UNPACKING pc=0x0000018c9ae03aa2 sp=0x000000075c6fe3e0 mode 2
Event: 30946.577 Thread 0x0000018cf1a67cf0 Uncommon trap: trap_request=0xffffffc6 fr.pc=0x0000018c9d49f80c relative=0x0000000000000e4c
Event: 30946.577 Thread 0x0000018cf1a67cf0 Uncommon trap: reason=bimorphic_or_optimized_type_check action=maybe_recompile pc=0x0000018c9d49f80c method=org.eclipse.jdt.internal.compiler.CompilationResult.getContents()[C @ 27 c2
Event: 30946.577 Thread 0x0000018cf1a67cf0 DEOPT PACKING pc=0x0000018c9d49f80c sp=0x000000075c6fe470
Event: 30946.577 Thread 0x0000018cf1a67cf0 DEOPT UNPACKING pc=0x0000018c9ae03aa2 sp=0x000000075c6fe3e0 mode 2
Event: 30953.724 Thread 0x0000018cf1a67cf0 Uncommon trap: trap_request=0xffffff45 fr.pc=0x0000018c9d88a868 relative=0x0000000000001928
Event: 30953.725 Thread 0x0000018cf1a67cf0 Uncommon trap: reason=unstable_if action=reinterpret pc=0x0000018c9d88a868 method=org.eclipse.jdt.ls.core.internal.handlers.CodeActionHandler.getCodeActionFromProposal(Ljava/lang/String;Lorg/eclipse/jdt/ls/core/internal/corrections/ProposalKindWrapper;Lor
Event: 30953.725 Thread 0x0000018cf1a67cf0 DEOPT PACKING pc=0x0000018c9d88a868 sp=0x000000075c6fef00
Event: 30953.725 Thread 0x0000018cf1a67cf0 DEOPT UNPACKING pc=0x0000018c9ae03aa2 sp=0x000000075c6fee90 mode 2
Event: 30991.789 Thread 0x0000018cf1a67cf0 Uncommon trap: trap_request=0xffffffcc fr.pc=0x0000018c9be78074 relative=0x0000000000000934
Event: 30991.789 Thread 0x0000018cf1a67cf0 Uncommon trap: reason=intrinsic_or_type_checked_inlining action=make_not_entrant pc=0x0000018c9be78074 method=org.eclipse.jdt.internal.compiler.lookup.BoundSet$ThreeSets.flattenInto([Lorg/eclipse/jdt/internal/compiler/lookup/TypeBound;I)I @ 104 c2
Event: 30991.789 Thread 0x0000018cf1a67cf0 DEOPT PACKING pc=0x0000018c9be78074 sp=0x000000075c6fd2c0
Event: 30991.790 Thread 0x0000018cf1a67cf0 DEOPT UNPACKING pc=0x0000018c9ae03aa2 sp=0x000000075c6fd290 mode 2

Classes loaded (20 events):
Event: 27782.772 Loading class jdk/internal/module/IllegalAccessLogger
Event: 27782.772 Loading class jdk/internal/module/IllegalAccessLogger done
Event: 27796.672 Loading class java/io/BufferedReader$1
Event: 27796.673 Loading class java/io/BufferedReader$1 done
Event: 27798.250 Loading class jdk/internal/module/IllegalAccessLogger
Event: 27798.250 Loading class jdk/internal/module/IllegalAccessLogger done
Event: 27798.448 Loading class jdk/internal/module/IllegalAccessLogger
Event: 27798.448 Loading class jdk/internal/module/IllegalAccessLogger done
Event: 28017.994 Loading class jdk/internal/module/IllegalAccessLogger
Event: 28017.994 Loading class jdk/internal/module/IllegalAccessLogger done
Event: 28018.698 Loading class jdk/internal/module/IllegalAccessLogger
Event: 28018.698 Loading class jdk/internal/module/IllegalAccessLogger done
Event: 29158.981 Loading class jdk/internal/module/IllegalAccessLogger
Event: 29158.982 Loading class jdk/internal/module/IllegalAccessLogger done
Event: 29160.229 Loading class java/lang/StringLatin1$LinesSpliterator
Event: 29160.241 Loading class java/lang/StringLatin1$LinesSpliterator done
Event: 29161.247 Loading class jdk/internal/module/IllegalAccessLogger
Event: 29161.247 Loading class jdk/internal/module/IllegalAccessLogger done
Event: 29828.355 Loading class jdk/internal/module/IllegalAccessLogger
Event: 29828.355 Loading class jdk/internal/module/IllegalAccessLogger done

Classes unloaded (20 events):
Event: 29829.225 Thread 0x0000018c8e3164d0 Unloading class 0x0000018ca8b18800 'java/lang/invoke/LambdaForm$MH+0x0000018ca8b18800'
Event: 29829.225 Thread 0x0000018c8e3164d0 Unloading class 0x0000018ca8b18400 'java/lang/invoke/LambdaForm$MH+0x0000018ca8b18400'
Event: 29829.226 Thread 0x0000018c8e3164d0 Unloading class 0x0000018ca8b0b000 'java/lang/invoke/LambdaForm$MH+0x0000018ca8b0b000'
Event: 29829.226 Thread 0x0000018c8e3164d0 Unloading class 0x0000018ca8b0ac00 'java/lang/invoke/LambdaForm$MH+0x0000018ca8b0ac00'
Event: 29829.226 Thread 0x0000018c8e3164d0 Unloading class 0x0000018ca8b0a800 'java/lang/invoke/LambdaForm$MH+0x0000018ca8b0a800'
Event: 29829.226 Thread 0x0000018c8e3164d0 Unloading class 0x0000018ca8b0a400 'java/lang/invoke/LambdaForm$MH+0x0000018ca8b0a400'
Event: 29829.226 Thread 0x0000018c8e3164d0 Unloading class 0x0000018ca8b0a000 'java/lang/invoke/LambdaForm$MH+0x0000018ca8b0a000'
Event: 29829.226 Thread 0x0000018c8e3164d0 Unloading class 0x0000018ca8b09800 'java/lang/invoke/LambdaForm$MH+0x0000018ca8b09800'
Event: 29829.226 Thread 0x0000018c8e3164d0 Unloading class 0x0000018ca8b09400 'java/lang/invoke/LambdaForm$MH+0x0000018ca8b09400'
Event: 29829.226 Thread 0x0000018c8e3164d0 Unloading class 0x0000018ca8b09000 'java/lang/invoke/LambdaForm$MH+0x0000018ca8b09000'
Event: 29829.227 Thread 0x0000018c8e3164d0 Unloading class 0x0000018ca8ad8800 'java/lang/invoke/LambdaForm$MH+0x0000018ca8ad8800'
Event: 29829.227 Thread 0x0000018c8e3164d0 Unloading class 0x0000018ca8ad8000 'java/lang/invoke/LambdaForm$MH+0x0000018ca8ad8000'
Event: 29829.227 Thread 0x0000018c8e3164d0 Unloading class 0x0000018ca8ad3c00 'java/lang/invoke/LambdaForm$MH+0x0000018ca8ad3c00'
Event: 29829.227 Thread 0x0000018c8e3164d0 Unloading class 0x0000018ca8ad2800 'java/lang/invoke/LambdaForm$MH+0x0000018ca8ad2800'
Event: 29829.227 Thread 0x0000018c8e3164d0 Unloading class 0x0000018ca8ad2000 'java/lang/invoke/LambdaForm$MH+0x0000018ca8ad2000'
Event: 29829.227 Thread 0x0000018c8e3164d0 Unloading class 0x0000018ca8ad1c00 'java/lang/invoke/LambdaForm$MH+0x0000018ca8ad1c00'
Event: 29829.227 Thread 0x0000018c8e3164d0 Unloading class 0x0000018ca8ad1800 'java/lang/invoke/LambdaForm$MH+0x0000018ca8ad1800'
Event: 29829.227 Thread 0x0000018c8e3164d0 Unloading class 0x0000018ca8a90800 'java/lang/invoke/LambdaForm$MH+0x0000018ca8a90800'
Event: 29829.228 Thread 0x0000018c8e3164d0 Unloading class 0x0000018ca8a91000 'java/lang/invoke/LambdaForm$MH+0x0000018ca8a91000'
Event: 29829.228 Thread 0x0000018c8e3164d0 Unloading class 0x0000018ca8a91c00 'java/lang/invoke/LambdaForm$MH+0x0000018ca8a91c00'

Classes redefined (0 events):
No events

Internal exceptions (20 events):
Event: 31003.078 Thread 0x0000018cf1a67cf0 Implicit null exception at 0x0000018c93dfe9d8 to 0x0000018c93dff5ef
Event: 31003.078 Thread 0x0000018cf1a67cf0 Exception <a 'java/lang/NullPointerException'{0x00000000d55a16e0}> (0x00000000d55a16e0) 
thrown [s\src\hotspot\share\runtime\sharedRuntime.cpp, line 625]
Event: 31003.078 Thread 0x0000018cf1a67cf0 Implicit null exception at 0x0000018c93dfe9d8 to 0x0000018c93dff5ef
Event: 31003.078 Thread 0x0000018cf1a67cf0 Exception <a 'java/lang/NullPointerException'{0x00000000d55a2580}> (0x00000000d55a2580) 
thrown [s\src\hotspot\share\runtime\sharedRuntime.cpp, line 625]
Event: 31003.078 Thread 0x0000018cf1a67cf0 Implicit null exception at 0x0000018c93dfe9d8 to 0x0000018c93dff5ef
Event: 31003.078 Thread 0x0000018cf1a67cf0 Exception <a 'java/lang/NullPointerException'{0x00000000d55a3598}> (0x00000000d55a3598) 
thrown [s\src\hotspot\share\runtime\sharedRuntime.cpp, line 625]
Event: 31018.064 Thread 0x0000018cf1a67cf0 Implicit null exception at 0x0000018c93dfe9d8 to 0x0000018c93dff5ef
Event: 31018.064 Thread 0x0000018cf1a67cf0 Exception <a 'java/lang/NullPointerException'{0x00000000d5e3ab38}> (0x00000000d5e3ab38) 
thrown [s\src\hotspot\share\runtime\sharedRuntime.cpp, line 625]
Event: 31018.064 Thread 0x0000018cf1a67cf0 Implicit null exception at 0x0000018c93dfe9d8 to 0x0000018c93dff5ef
Event: 31018.064 Thread 0x0000018cf1a67cf0 Exception <a 'java/lang/NullPointerException'{0x00000000d5e3c170}> (0x00000000d5e3c170) 
thrown [s\src\hotspot\share\runtime\sharedRuntime.cpp, line 625]
Event: 31018.064 Thread 0x0000018cf1a67cf0 Implicit null exception at 0x0000018c93dfe9d8 to 0x0000018c93dff5ef
Event: 31018.064 Thread 0x0000018cf1a67cf0 Exception <a 'java/lang/NullPointerException'{0x00000000d5e409e8}> (0x00000000d5e409e8) 
thrown [s\src\hotspot\share\runtime\sharedRuntime.cpp, line 625]
Event: 31018.064 Thread 0x0000018cf1a67cf0 Implicit null exception at 0x0000018c93dfe9d8 to 0x0000018c93dff5ef
Event: 31018.064 Thread 0x0000018cf1a67cf0 Exception <a 'java/lang/NullPointerException'{0x00000000d5e41788}> (0x00000000d5e41788) 
thrown [s\src\hotspot\share\runtime\sharedRuntime.cpp, line 625]
Event: 31018.064 Thread 0x0000018cf1a67cf0 Implicit null exception at 0x0000018c93dfe9d8 to 0x0000018c93dff5ef
Event: 31018.064 Thread 0x0000018cf1a67cf0 Exception <a 'java/lang/NullPointerException'{0x00000000d5e423f0}> (0x00000000d5e423f0) 
thrown [s\src\hotspot\share\runtime\sharedRuntime.cpp, line 625]
Event: 31018.064 Thread 0x0000018cf1a67cf0 Implicit null exception at 0x0000018c93dfe9d8 to 0x0000018c93dff5ef
Event: 31018.064 Thread 0x0000018cf1a67cf0 Exception <a 'java/lang/NullPointerException'{0x00000000d5e43290}> (0x00000000d5e43290) 
thrown [s\src\hotspot\share\runtime\sharedRuntime.cpp, line 625]
Event: 31018.064 Thread 0x0000018cf1a67cf0 Implicit null exception at 0x0000018c93dfe9d8 to 0x0000018c93dff5ef
Event: 31018.064 Thread 0x0000018cf1a67cf0 Exception <a 'java/lang/NullPointerException'{0x00000000d5e442a8}> (0x00000000d5e442a8) 
thrown [s\src\hotspot\share\runtime\sharedRuntime.cpp, line 625]

ZGC Phase Switch (0 events):
No events

VM Operations (20 events):
Event: 31050.288 Executing VM operation: HandshakeAllThreads (HandshakeForDeflation)
Event: 31050.289 Executing VM operation: HandshakeAllThreads (HandshakeForDeflation) done
Event: 31050.289 Executing VM operation: RendezvousGCThreads
Event: 31050.289 Executing VM operation: RendezvousGCThreads done
Event: 31054.756 Executing VM operation: ParallelGCFailedAllocation (Allocation Failure)
Event: 31054.762 Executing VM operation: ParallelGCFailedAllocation (Allocation Failure) done
Event: 31056.654 Executing VM operation: ParallelGCFailedAllocation (Allocation Failure)
Event: 31057.662 Executing VM operation: ParallelGCFailedAllocation (Allocation Failure) done
Event: 31057.687 Executing VM operation: ParallelGCFailedAllocation (Allocation Failure)
Event: 31057.688 Executing VM operation: ParallelGCFailedAllocation (Allocation Failure) done
Event: 31057.689 Executing VM operation: ParallelGCSystemGC (GCLocker Initiated GC)
Event: 31058.703 Executing VM operation: ParallelGCSystemGC (GCLocker Initiated GC) done
Event: 31058.714 Executing VM operation: ParallelGCFailedAllocation (Allocation Failure)
Event: 31058.719 Executing VM operation: ParallelGCFailedAllocation (Allocation Failure) done
Event: 31058.728 Executing VM operation: ParallelGCFailedAllocation (Allocation Failure)
Event: 31058.734 Executing VM operation: ParallelGCFailedAllocation (Allocation Failure) done
Event: 31058.744 Executing VM operation: ParallelGCFailedAllocation (Allocation Failure)
Event: 31058.748 Executing VM operation: ParallelGCFailedAllocation (Allocation Failure) done
Event: 31058.761 Executing VM operation: ParallelGCFailedAllocation (Allocation Failure)
Event: 31058.766 Executing VM operation: ParallelGCFailedAllocation (Allocation Failure) done

Memory protections (0 events):
No events

Nmethod flushes (20 events):
Event: 29830.399 Thread 0x0000018c8e3164d0 flushing  nmethod 0x0000018c96d6dc90
Event: 29830.399 Thread 0x0000018c8e3164d0 flushing  nmethod 0x0000018c96d73190
Event: 29830.399 Thread 0x0000018c8e3164d0 flushing osr nmethod 0x0000018c96d73890
Event: 29830.399 Thread 0x0000018c8e3164d0 flushing  nmethod 0x0000018c96d74190
Event: 29830.399 Thread 0x0000018c8e3164d0 flushing  nmethod 0x0000018c96d99190
Event: 29830.399 Thread 0x0000018c8e3164d0 flushing  nmethod 0x0000018c96d9ab90
Event: 29830.399 Thread 0x0000018c8e3164d0 flushing  nmethod 0x0000018c96d9c510
Event: 29830.399 Thread 0x0000018c8e3164d0 flushing  nmethod 0x0000018c96dc8c10
Event: 29830.399 Thread 0x0000018c8e3164d0 flushing  nmethod 0x0000018c96dec990
Event: 29830.399 Thread 0x0000018c8e3164d0 flushing  nmethod 0x0000018c96df8a10
Event: 29830.399 Thread 0x0000018c8e3164d0 flushing  nmethod 0x0000018c96dfa410
Event: 29830.400 Thread 0x0000018c8e3164d0 flushing  nmethod 0x0000018c96e18c90
Event: 29830.400 Thread 0x0000018c8e3164d0 flushing  nmethod 0x0000018c96e1a590
Event: 29830.400 Thread 0x0000018c8e3164d0 flushing  nmethod 0x0000018c96e25d10
Event: 29830.400 Thread 0x0000018c8e3164d0 flushing  nmethod 0x0000018c96e26090
Event: 29830.400 Thread 0x0000018c8e3164d0 flushing  nmethod 0x0000018c96e31590
Event: 29830.400 Thread 0x0000018c8e3164d0 flushing  nmethod 0x0000018c96e69e10
Event: 29830.400 Thread 0x0000018c8e3164d0 flushing  nmethod 0x0000018c96e6aa10
Event: 29830.400 Thread 0x0000018c8e3164d0 flushing  nmethod 0x0000018c96e6ec90
Event: 29830.400 Thread 0x0000018c8e3164d0 flushing  nmethod 0x0000018c96e8b110

Events (20 events):
Event: 30759.514 Thread 0x0000018cf1a60d60 Thread exited: 0x0000018cf1a60d60
Event: 30818.604 Thread 0x0000018c86d4a5f0 Thread added: 0x0000018cf1a62e30
Event: 30818.605 Thread 0x0000018cef2c3130 Thread added: 0x0000018cf1a63b50
Event: 30868.583 Thread 0x0000018cef2c3130 Thread added: 0x0000018cf1a606d0
Event: 30875.556 Thread 0x0000018cf1a61a80 Thread added: 0x0000018cf1a634c0
Event: 30892.259 Thread 0x0000018c86d4a5f0 Thread added: 0x0000018cf1a641e0
Event: 30892.260 Thread 0x0000018c86d48520 Thread added: 0x0000018cf1a60d60
Event: 30892.261 Thread 0x0000018cf1a606d0 Thread added: 0x0000018cf1a662b0
Event: 30892.261 Thread 0x0000018cf1a627a0 Thread added: 0x0000018cf1a67cf0
Event: 30892.263 Thread 0x0000018cf1a641e0 Thread added: 0x0000018cf1a64870
Event: 30901.459 Thread 0x0000018cef2c3130 Thread added: 0x0000018cf1a66940
Event: 30912.942 Thread 0x0000018ce9487990 Thread added: 0x0000018cf0b960e0
Event: 30914.926 Thread 0x0000018cf0b960e0 Thread exited: 0x0000018cf0b960e0
Event: 30944.828 Thread 0x0000018ce947d570 Thread added: 0x0000018cfe3242e0
Event: 30945.803 Thread 0x0000018cef2c3130 Thread added: 0x0000018cf14dc770
Event: 30945.975 Thread 0x0000018cfe3242e0 Thread exited: 0x0000018cfe3242e0
Event: 31005.814 Thread 0x0000018cf14dc770 Thread exited: 0x0000018cf14dc770
Event: 31012.420 Thread 0x0000018cf1a634c0 Thread exited: 0x0000018cf1a634c0
Event: 31026.184 Thread 0x0000018cf1a66940 Thread exited: 0x0000018cf1a66940
Event: 31081.610 Thread 0x0000018cf1a61a80 Thread added: 0x0000018cf14dc770


Dynamic libraries:
0x00007ff792aa0000 - 0x00007ff792aae000 	c:\Users\Tanishq\.vscode\extensions\redhat.java-1.49.0-win32-x64\jre\21.0.9-win32-x86_64\bin\java.exe
0x00007ffeea840000 - 0x00007ffeeaaa8000 	C:\WINDOWS\SYSTEM32\ntdll.dll
0x00007ffee8e40000 - 0x00007ffee8f09000 	C:\WINDOWS\System32\KERNEL32.DLL
0x00007ffee7c50000 - 0x00007ffee8048000 	C:\WINDOWS\System32\KERNELBASE.dll
0x00007ffee8050000 - 0x00007ffee819b000 	C:\WINDOWS\System32\ucrtbase.dll
0x00007ffec58f0000 - 0x00007ffec5908000 	c:\Users\Tanishq\.vscode\extensions\redhat.java-1.49.0-win32-x64\jre\21.0.9-win32-x86_64\bin\jli.dll
0x00007ffebb3b0000 - 0x00007ffebb3ce000 	c:\Users\Tanishq\.vscode\extensions\redhat.java-1.49.0-win32-x64\jre\21.0.9-win32-x86_64\bin\VCRUNTIME140.dll
0x00007ffee9c20000 - 0x00007ffee9de7000 	C:\WINDOWS\System32\USER32.dll
0x00007ffed04a0000 - 0x00007ffed0734000 	C:\WINDOWS\WinSxS\amd64_microsoft.windows.common-controls_6595b64144ccf1df_6.0.26100.7019_none_3e06ffa0e335b8a8\COMCTL32.dll
0x00007ffee7b70000 - 0x00007ffee7b97000 	C:\WINDOWS\System32\win32u.dll
0x00007ffee8a30000 - 0x00007ffee8ad9000 	C:\WINDOWS\System32\msvcrt.dll
0x00007ffee92c0000 - 0x00007ffee92eb000 	C:\WINDOWS\System32\GDI32.dll
0x00007ffee7990000 - 0x00007ffee7abc000 	C:\WINDOWS\System32\gdi32full.dll
0x00007ffee7ac0000 - 0x00007ffee7b63000 	C:\WINDOWS\System32\msvcp_win.dll
0x00007ffee8e00000 - 0x00007ffee8e31000 	C:\WINDOWS\System32\IMM32.DLL
0x00007ffedd360000 - 0x00007ffedd36c000 	c:\Users\Tanishq\.vscode\extensions\redhat.java-1.49.0-win32-x64\jre\21.0.9-win32-x86_64\bin\vcruntime140_1.dll
0x00007ffe90dc0000 - 0x00007ffe90e4d000 	c:\Users\Tanishq\.vscode\extensions\redhat.java-1.49.0-win32-x64\jre\21.0.9-win32-x86_64\bin\msvcp140.dll
0x00007ffe7b510000 - 0x00007ffe7c2b0000 	c:\Users\Tanishq\.vscode\extensions\redhat.java-1.49.0-win32-x64\jre\21.0.9-win32-x86_64\bin\server\jvm.dll
0x00007ffee9df0000 - 0x00007ffee9ea4000 	C:\WINDOWS\System32\ADVAPI32.dll
0x00007ffee9eb0000 - 0x00007ffee9f56000 	C:\WINDOWS\System32\sechost.dll
0x00007ffee8ae0000 - 0x00007ffee8bf8000 	C:\WINDOWS\System32\RPCRT4.dll
0x00007ffee9b90000 - 0x00007ffee9c04000 	C:\WINDOWS\System32\WS2_32.dll
0x00007ffee7650000 - 0x00007ffee76ae000 	C:\WINDOWS\SYSTEM32\POWRPROF.dll
0x00007ffedfff0000 - 0x00007ffedfffb000 	C:\WINDOWS\SYSTEM32\VERSION.dll
0x00007ffedffb0000 - 0x00007ffedffe5000 	C:\WINDOWS\SYSTEM32\WINMM.dll
0x00007ffee7630000 - 0x00007ffee7644000 	C:\WINDOWS\SYSTEM32\UMPDC.dll
0x00007ffee66f0000 - 0x00007ffee670b000 	C:\WINDOWS\SYSTEM32\kernel.appcore.dll
0x00007ffec8760000 - 0x00007ffec876a000 	c:\Users\Tanishq\.vscode\extensions\redhat.java-1.49.0-win32-x64\jre\21.0.9-win32-x86_64\bin\jimage.dll
0x00007ffedade0000 - 0x00007ffedb022000 	C:\WINDOWS\SYSTEM32\DBGHELP.DLL
0x00007ffeea470000 - 0x00007ffeea7fb000 	C:\WINDOWS\System32\combase.dll
0x00007ffee92f0000 - 0x00007ffee93c7000 	C:\WINDOWS\System32\OLEAUT32.dll
0x00007ffecebf0000 - 0x00007ffecec2c000 	C:\WINDOWS\SYSTEM32\dbgcore.DLL
0x00007ffee7ba0000 - 0x00007ffee7c45000 	C:\WINDOWS\System32\bcryptPrimitives.dll
0x00007ffec8650000 - 0x00007ffec865f000 	c:\Users\Tanishq\.vscode\extensions\redhat.java-1.49.0-win32-x64\jre\21.0.9-win32-x86_64\bin\instrument.dll
0x00007ffe93160000 - 0x00007ffe93180000 	c:\Users\Tanishq\.vscode\extensions\redhat.java-1.49.0-win32-x64\jre\21.0.9-win32-x86_64\bin\java.dll
0x00007ffee93e0000 - 0x00007ffee9b2f000 	C:\WINDOWS\System32\SHELL32.dll
0x00007ffee81a0000 - 0x00007ffee830b000 	C:\WINDOWS\System32\wintypes.dll
0x00007ffee55b0000 - 0x00007ffee5e0d000 	C:\WINDOWS\SYSTEM32\windows.storage.dll
0x00007ffee8610000 - 0x00007ffee8702000 	C:\WINDOWS\System32\SHCORE.dll
0x00007ffee8710000 - 0x00007ffee8777000 	C:\WINDOWS\System32\shlwapi.dll
0x00007ffee78b0000 - 0x00007ffee78d9000 	C:\WINDOWS\SYSTEM32\profapi.dll
0x00007ffe93140000 - 0x00007ffe93158000 	c:\Users\Tanishq\.vscode\extensions\redhat.java-1.49.0-win32-x64\jre\21.0.9-win32-x86_64\bin\zip.dll
0x00007ffebae40000 - 0x00007ffebae50000 	C:\Users\Tanishq\.vscode\extensions\redhat.java-1.49.0-win32-x64\jre\21.0.9-win32-x86_64\bin\net.dll
0x00007ffedfc80000 - 0x00007ffedfda8000 	C:\WINDOWS\SYSTEM32\WINHTTP.dll
0x00007ffee6cc0000 - 0x00007ffee6d2b000 	C:\WINDOWS\system32\mswsock.dll
0x00007ffe93120000 - 0x00007ffe93136000 	C:\Users\Tanishq\.vscode\extensions\redhat.java-1.49.0-win32-x64\jre\21.0.9-win32-x86_64\bin\nio.dll
0x00007ffebaa20000 - 0x00007ffebaa30000 	c:\Users\Tanishq\.vscode\extensions\redhat.java-1.49.0-win32-x64\jre\21.0.9-win32-x86_64\bin\verify.dll
0x00007ffe90d70000 - 0x00007ffe90db4000 	C:\Users\Tanishq\AppData\Roaming\Code\User\globalStorage\redhat.java\1.49.0\config_win\org.eclipse.equinox.launcher\org.eclipse.equinox.launcher.win32.win32.x86_64_1.2.1400.v20250801-0854\eclipse_11916.dll
0x00007ffee8f10000 - 0x00007ffee90a7000 	C:\WINDOWS\System32\ole32.dll
0x00007ffee6f80000 - 0x00007ffee6f9b000 	C:\WINDOWS\SYSTEM32\CRYPTSP.dll
0x00007ffee66b0000 - 0x00007ffee66ea000 	C:\WINDOWS\system32\rsaenh.dll
0x00007ffee6d70000 - 0x00007ffee6d9b000 	C:\WINDOWS\SYSTEM32\USERENV.dll
0x00007ffee7880000 - 0x00007ffee78aa000 	C:\WINDOWS\SYSTEM32\bcrypt.dll
0x00007ffee6fa0000 - 0x00007ffee6fac000 	C:\WINDOWS\SYSTEM32\CRYPTBASE.dll
0x00007ffee6140000 - 0x00007ffee6174000 	C:\WINDOWS\SYSTEM32\IPHLPAPI.DLL
0x00007ffee8c00000 - 0x00007ffee8c0a000 	C:\WINDOWS\System32\NSI.dll
0x00007ffe90970000 - 0x00007ffe909b9000 	C:\Users\Tanishq\AppData\Local\Temp\jna-122754740\jna13272271675997949507.dll
0x00007ffee93d0000 - 0x00007ffee93d8000 	C:\WINDOWS\System32\PSAPI.DLL
0x00007ffee1790000 - 0x00007ffee17ae000 	C:\WINDOWS\SYSTEM32\dhcpcsvc6.DLL
0x00007ffee16e0000 - 0x00007ffee1703000 	C:\WINDOWS\SYSTEM32\dhcpcsvc.DLL
0x00007ffea8db0000 - 0x00007ffea8dbe000 	C:\Users\Tanishq\.vscode\extensions\redhat.java-1.49.0-win32-x64\jre\21.0.9-win32-x86_64\bin\sunmscapi.dll
0x00007ffee8310000 - 0x00007ffee8487000 	C:\WINDOWS\System32\CRYPT32.dll
0x00007ffee71a0000 - 0x00007ffee71d0000 	C:\WINDOWS\SYSTEM32\ncrypt.dll
0x00007ffee7150000 - 0x00007ffee718f000 	C:\WINDOWS\SYSTEM32\NTASN1.dll
0x00007ffee6870000 - 0x00007ffee68a6000 	C:\WINDOWS\SYSTEM32\ntmarta.dll
0x00007ffea74e0000 - 0x00007ffea74e9000 	C:\Users\Tanishq\.vscode\extensions\redhat.java-1.49.0-win32-x64\jre\21.0.9-win32-x86_64\bin\extnet.dll
0x00007ffee61d0000 - 0x00007ffee62fc000 	C:\WINDOWS\SYSTEM32\DNSAPI.dll
0x00007ffedcf60000 - 0x00007ffedcf6b000 	C:\Windows\System32\rasadhlp.dll
0x00007ffee1830000 - 0x00007ffee18b6000 	C:\WINDOWS\System32\fwpuclnt.dll
0x00007ffea7ff0000 - 0x00007ffea7ff8000 	C:\WINDOWS\system32\wshunix.dll

JVMTI agents:
c:\Users\Tanishq\.vscode\extensions\redhat.java-1.49.0-win32-x64\lombok\lombok-1.18.39-4050.jar path:c:\Users\Tanishq\.vscode\extensions\redhat.java-1.49.0-win32-x64\jre\21.0.9-win32-x86_64\bin\instrument.dll, loaded, initialized, instrumentlib options:none

dbghelp: loaded successfully - version: 4.0.5 - missing functions: none
symbol engine: initialized successfully - sym options: 0x614 - pdb path: .;c:\Users\Tanishq\.vscode\extensions\redhat.java-1.49.0-win32-x64\jre\21.0.9-win32-x86_64\bin;C:\WINDOWS\SYSTEM32;C:\WINDOWS\WinSxS\amd64_microsoft.windows.common-controls_6595b64144ccf1df_6.0.26100.7019_none_3e06ffa0e335b8a8;c:\Users\Tanishq\.vscode\extensions\redhat.java-1.49.0-win32-x64\jre\21.0.9-win32-x86_64\bin\server;C:\Users\Tanishq\AppData\Roaming\Code\User\globalStorage\redhat.java\1.49.0\config_win\org.eclipse.equinox.launcher\org.eclipse.equinox.launcher.win32.win32.x86_64_1.2.1400.v20250801-0854;C:\Users\Tanishq\AppData\Local\Temp\jna-122754740

VM Arguments:
jvm_args: --add-modules=ALL-SYSTEM --add-opens=java.base/java.util=ALL-UNNAMED --add-opens=java.base/java.lang=ALL-UNNAMED --add-opens=java.base/sun.nio.fs=ALL-UNNAMED -Declipse.application=org.eclipse.jdt.ls.core.id1 -Dosgi.bundles.defaultStartLevel=4 -Declipse.product=org.eclipse.jdt.ls.core.product -Djava.import.generatesMetadataFilesAtProjectRoot=false -DDetectVMInstallationsJob.disabled=true -Dfile.encoding=utf8 -XX:+UseParallelGC -XX:GCTimeRatio=4 -XX:AdaptiveSizePolicyWeight=90 -Dsun.zip.disableMemoryMapping=true -Xmx2G -Xms100m -Xlog:disable -javaagent:c:\Users\Tanishq\.vscode\extensions\redhat.java-1.49.0-win32-x64\lombok\lombok-1.18.39-4050.jar -XX:+HeapDumpOnOutOfMemoryError -XX:HeapDumpPath=c:\Users\Tanishq\AppData\Roaming\Code\User\workspaceStorage\53c3bf045e7d43b34f4193c12ff92d2c\redhat.java -Daether.dependencyCollector.impl=bf 
java_command: c:\Users\Tanishq\.vscode\extensions\redhat.java-1.49.0-win32-x64\server\plugins\org.eclipse.equinox.launcher_1.7.100.v20251111-0406.jar -configuration c:\Users\Tanishq\AppData\Roaming\Code\User\globalStorage\redhat.java\1.49.0\config_win -data c:\Users\Tanishq\AppData\Roaming\Code\User\workspaceStorage\53c3bf045e7d43b34f4193c12ff92d2c\redhat.java\jdt_ws --pipe=\\.\pipe\lsp-00c225d2ae788384be06098bc28e0712-sock
java_class_path (initial): c:\Users\Tanishq\.vscode\extensions\redhat.java-1.49.0-win32-x64\server\plugins\org.eclipse.equinox.launcher_1.7.100.v20251111-0406.jar
Launcher Type: SUN_STANDARD

[Global flags]
    uintx AdaptiveSizePolicyWeight                 = 90                                        {product} {command line}
     intx CICompilerCount                          = 4                                         {product} {ergonomic}
    uintx GCTimeRatio                              = 4                                         {product} {command line}
     bool HeapDumpOnOutOfMemoryError               = true                                   {manageable} {command line}
    ccstr HeapDumpPath                             = c:\Users\Tanishq\AppData\Roaming\Code\User\workspaceStorage\53c3bf045e7d43b34f4193c12ff92d2c\redhat.java         {manageable} {command line}
   size_t InitialHeapSize                          = 104857600                                 {product} {command line}
   size_t MaxHeapSize                              = 2147483648                                {product} {command line}
   size_t MaxNewSize                               = 715653120                                 {product} {ergonomic}
   size_t MinHeapDeltaBytes                        = 524288                                    {product} {ergonomic}
   size_t MinHeapSize                              = 104857600                                 {product} {command line}
   size_t NewSize                                  = 34603008                                  {product} {ergonomic}
    uintx NonNMethodCodeHeapSize                   = 5839372                                {pd product} {ergonomic}
    uintx NonProfiledCodeHeapSize                  = 122909434                              {pd product} {ergonomic}
   size_t OldSize                                  = 70254592                                  {product} {ergonomic}
    uintx ProfiledCodeHeapSize                     = 122909434                              {pd product} {ergonomic}
    uintx ReservedCodeCacheSize                    = 251658240                              {pd product} {ergonomic}
     bool SegmentedCodeCache                       = true                                      {product} {ergonomic}
   size_t SoftMaxHeapSize                          = 2147483648                             {manageable} {ergonomic}
     bool UseCompressedOops                        = true                           {product lp64_product} {ergonomic}
     bool UseLargePagesIndividualAllocation        = false                                  {pd product} {ergonomic}
     bool UseParallelGC                            = true                                      {product} {command line}

Logging:
Log output configuration:
 #0: stdout all=off uptime,level,tags foldmultilines=false
 #1: stderr all=off uptime,level,tags foldmultilines=false

Release file:
JAVA_VERSION="21.0.9" 
MODULES="java.base java.compiler java.datatransfer java.xml java.prefs java.desktop java.instrument java.logging java.management java.security.sasl java.naming java.rmi java.management.rmi java.net.http java.scripting java.security.jgss java.transaction.xa java.sql java.sql.rowset java.xml.crypto java.se java.smartcardio jdk.accessibility jdk.internal.jvmstat jdk.attach jdk.charsets jdk.internal.opt jdk.zipfs jdk.compiler jdk.crypto.ec jdk.crypto.cryptoki jdk.crypto.mscapi jdk.dynalink jdk.internal.ed jdk.editpad jdk.hotspot.agent jdk.httpserver jdk.internal.le jdk.internal.vm.ci jdk.internal.vm.compiler jdk.internal.vm.compiler.management jdk.jartool jdk.javadoc jdk.jcmd jdk.management jdk.management.agent jdk.jconsole jdk.jdeps jdk.jdwp.agent jdk.jdi jdk.jfr jdk.jshell jdk.jsobject jdk.jstatd jdk.localedata jdk.management.jfr jdk.naming.dns jdk.naming.rmi jdk.net jdk.nio.mapmode jdk.random jdk.sctp jdk.security.auth jdk.security.jgss jdk.unsupported jdk.unsupported.desktop jdk.xml.dom" 

Environment Variables:
JAVA_HOME=C:\Program Files\Eclipse Adoptium\jdk-21.0.6.7-hotspot\
PATH=C:\Program Files\Eclipse Adoptium\jdk-21.0.6.7-hotspot\bin;C:\Program Files\Common Files\Oracle\Java\javapath;C:\Program Files (x86)\Common Files\Oracle\Java\java8path;C:\Program Files (x86)\Common Files\Oracle\Java\javapath;C:\Users\Tanishq\AppData\Local\Programs\Python\Python310\Scripts\;C:\Users\Tanishq\AppData\Local\Programs\Python\Python310\;C:\MinGW\bin:C:\Program Files\Java\jre1.8.0_311\bin;C:\Users\Tanishq\OneDrive\Desktop\jdk-18.0.1.1\bin;C:\ProgramData\chocolatey\bin;C:\Program Files\Amazon\AWSCLIV2\;C:\WINDOWS\system32;C:\WINDOWS;C:\WINDOWS\System32\Wbem;C:\WINDOWS\System32\WindowsPowerShell\v1.0\;C:\WINDOWS\System32\OpenSSH\;C:\Program Files (x86)\Microsoft SQL Server\160\Tools\Binn\;C:\Program Files\Microsoft SQL Server\160\Tools\Binn\;C:\Program Files\Microsoft SQL Server\Client SDK\ODBC\170\Tools\Binn\;C:\Program Files\Microsoft SQL Server\160\DTS\Binn\;C:\Program Files (x86)\Microsoft SQL Server\160\DTS\Binn\;C:\Users\Tanishq\Downloads\apache-maven-3.9.8\bin;C:\Users\Tanishq\Downloads\jdk-22.0.1\bin;C:\Program Files\Eclipse Adoptium\jdk-22.0.1.8-hotspot\bin;C:\Program Files\MongoDB\Server\7.0\bin;C:\Program Files\nodejs\;C:\Program Files\Git LFS;C:\Program Files\Docker\Docker\resources\bin;C:\Program Files\PostgreSQL\18\bin;C:\Users\Tanishq\AppData\Local\Programs\Python\Python312\Scripts\;C:\Users\Tanishq\AppData\Local\Programs\Python\Python312\;C:\Users\Tanishq\anaconda3\anaconda;C:\Users\Tanishq\anaconda3\anaconda\Library\mingw-w64\bin;C:\Users\Tanishq\anaconda3\anaconda\Library\usr\bin;C:\Users\Tanishq\anaconda3\anaconda\Library\bin;C:\Users\Tanishq\anaconda3\anaconda\Scripts;C:\Users\Tanishq\AppData\Local\Programs\Python\Python311\Scripts\;C:\Users\Tanishq\AppData\Local\Programs\Python\Python311\;C:\Users\Tanishq\AppData\Local\Programs\Python\Launcher\;C:\Users\Tanishq\AppData\Local\Programs\Python\Python310\Scripts\;C:\Users\Tanishq\AppData\Local\Programs\Python\Python310\;C:\Users\Tanishq\AppData\Local\Programs\Microsoft VS Code\bin;C:\Program Files\Java\jre1.8.0_311\bin;C:\Users\Tanishq\AppData\Local\Programs\Python\Python39\python.exe;C:\MinGW\bin;C:\Users\Tanishq\OneDrive\Desktop\jdk-18.0.1.1\bin;C:\Program Files\Java\jdk-18\bin;C:\Program Files\Git\bin;C:\Program Files\Eclipse Adoptium\jdk-17.0.4.8-hotspot\bin;C:\Program Files\Java\jdk-17.0.4\bin;C:\Users\Tanishq\AppData\Local\Microsoft\WindowsApps;C:\Program Files\MongoDB\Server\7.0\bin;C:\Program Files\MongoDB\Tools\100\bin;C:\Users\Tanishq\AppData\Local\Microsoft\WinGet\Packages\Schniz.fnm_Microsoft.Winget.Source_8wekyb3d8bbwe;C:\Users\Tanishq\AppData\Roaming\npm;C:\Users\Tanishq\AppData\Local\GitHubDesktop\bin;
USERNAME=Tanishq
OS=Windows_NT
PROCESSOR_IDENTIFIER=AMD64 Family 23 Model 104 Stepping 1, AuthenticAMD
TMP=C:\Users\Tanishq\AppData\Local\Temp
TEMP=C:\Users\Tanishq\AppData\Local\Temp




Periodic native trim disabled

---------------  S Y S T E M  ---------------

OS:
 Windows 11 , 64 bit Build 26100 (10.0.26100.7019)
OS uptime: 12 days 18:45 hours
Hyper-V role detected

CPU: total 12 (initial active 12) (12 cores per cpu, 2 threads per core) family 23 model 104 stepping 1 microcode 0x8608107, cx8, cmov, fxsr, ht, mmx, 3dnowpref, sse, sse2, sse3, ssse3, sse4a, sse4.1, sse4.2, popcnt, lzcnt, tsc, tscinvbit, avx, avx2, aes, clmul, bmi1, bmi2, adx, sha, fma, vzeroupper, clflush, clflushopt, hv, rdtscp, rdpid, f16c
Processor Information for the first 12 processors :
  Max Mhz: 2100, Current Mhz: 2100, Mhz Limit: 2100

Memory: 4k page, system-wide physical 7501M (491M free)
TotalPageFile size 30029M (AvailPageFile size 0M)
current process WorkingSet (physical memory assigned to process): 243M, peak: 1652M
current process commit charge ("private bytes"): 1642M, peak: 1848M

vm_info: OpenJDK 64-Bit Server VM (21.0.9+10-LTS) for windows-amd64 JRE (21.0.9+10-LTS), built on 2025-10-21T00:00:00Z by "admin" with unknown MS VC++:1942

END.
