#
# There is insufficient memory for the Java Runtime Environment to continue.
# Native memory allocation (malloc) failed to allocate 1048576 bytes. Error detail: AllocateHeap
# Possible reasons:
#   The system is out of physical RAM or swap space
#   This process is running with CompressedOops enabled, and the Java Heap may be blocking the growth of the native heap
# Possible solutions:
#   Reduce memory load on the system
#   Increase physical memory or swap space
#   Check if swap backing store is full
#   Decrease Java heap size (-Xmx/-Xms)
#   Decrease number of Java threads
#   Decrease Java thread stack sizes (-Xss)
#   Set larger code cache with -XX:ReservedCodeCacheSize=
#   JVM is running with Unscaled Compressed Oops mode in which the Java heap is
#     placed in the first 4GB address space. The Java Heap base address is the
#     maximum limit for the native heap growth. Please use -XX:HeapBaseMinAddress
#     to set the Java Heap base and to place the Java Heap above 4GB virtual address.
# This output file may be truncated or incomplete.
#
#  Out of Memory Error (allocation.cpp:44), pid=22828, tid=4076
#
# JRE version: OpenJDK Runtime Environment Temurin-21.0.9+10 (21.0.9+10) (build 21.0.9+10-LTS)
# Java VM: OpenJDK 64-Bit Server VM Temurin-21.0.9+10 (21.0.9+10-LTS, mixed mode, sharing, tiered, compressed oops, compressed class ptrs, parallel gc, windows-amd64)
# No core dump will be written. Minidumps are not enabled by default on client versions of Windows
#

---------------  S U M M A R Y ------------

Command Line: --add-modules=ALL-SYSTEM --add-opens=java.base/java.util=ALL-UNNAMED --add-opens=java.base/java.lang=ALL-UNNAMED --add-opens=java.base/sun.nio.fs=ALL-UNNAMED -Declipse.application=org.eclipse.jdt.ls.core.id1 -Dosgi.bundles.defaultStartLevel=4 -Declipse.product=org.eclipse.jdt.ls.core.product -Djava.import.generatesMetadataFilesAtProjectRoot=false -DDetectVMInstallationsJob.disabled=true -Dfile.encoding=utf8 -XX:+UseParallelGC -XX:GCTimeRatio=4 -XX:AdaptiveSizePolicyWeight=90 -Dsun.zip.disableMemoryMapping=true -Xmx2G -Xms100m -Xlog:disable -javaagent:c:\Users\Tanishq\.vscode\extensions\redhat.java-1.50.0-win32-x64\lombok\lombok-1.18.39-4050.jar -XX:+HeapDumpOnOutOfMemoryError -XX:HeapDumpPath=c:\Users\Tanishq\AppData\Roaming\Code\User\workspaceStorage\53c3bf045e7d43b34f4193c12ff92d2c\redhat.java -Daether.dependencyCollector.impl=bf c:\Users\Tanishq\.vscode\extensions\redhat.java-1.50.0-win32-x64\server\plugins\org.eclipse.equinox.launcher_1.7.100.v20251111-0406.jar -configuration c:\Users\Tanishq\AppData\Roaming\Code\User\globalStorage\redhat.java\1.50.0\config_win -data c:\Users\Tanishq\AppData\Roaming\Code\User\workspaceStorage\53c3bf045e7d43b34f4193c12ff92d2c\redhat.java\jdt_ws --pipe=\\.\pipe\lsp-b00ec3046dbc856877970242bfd674c4-sock

Host: AMD Ryzen 5 5500U with Radeon Graphics         , 12 cores, 7G,  Windows 11 , 64 bit Build 26100 (10.0.26100.7019)
Time: Tue Dec  2 14:27:04 2025 India Standard Time elapsed time: 12742.282013 seconds (0d 3h 32m 22s)

---------------  T H R E A D  ---------------

Current thread (0x000001de21d2e560):  JavaThread "Attach Listener" daemon [_thread_in_vm, id=4076, stack(0x000000b17b900000,0x000000b17ba00000) (1024K)]

Stack: [0x000000b17b900000,0x000000b17ba00000]
Native frames: (J=compiled Java code, j=interpreted, Vv=VM code, C=native code)
V  [jvm.dll+0x6d6e29]
V  [jvm.dll+0x8b4b76]
V  [jvm.dll+0x8b712e]
V  [jvm.dll+0x8b7813]
V  [jvm.dll+0x283d86]
V  [jvm.dll+0xc1277]
V  [jvm.dll+0x6d76d9]
V  [jvm.dll+0x133466]
V  [jvm.dll+0x3f7ea6]
V  [jvm.dll+0x85e9ad]
V  [jvm.dll+0x6d565d]
C  [ucrtbase.dll+0x37b0]
C  [KERNEL32.DLL+0x2e8d7]
C  [ntdll.dll+0x8c53c]


---------------  P R O C E S S  ---------------

Threads class SMR info:
_java_thread_list=0x000001de041987e0, length=42, elements={
0x000001de1f990d70, 0x000001de21d293d0, 0x000001de21e4d470, 0x000001de21d2cdf0,
0x000001de21d2e560, 0x000001de21d2f750, 0x000001de21d337e0, 0x000001de7aac3b30,
0x000001de7aac51e0, 0x000001de7ad1ca80, 0x000001de7ae2e7c0, 0x000001de04b091d0,
0x000001de049da5d0, 0x000001de7acd9cd0, 0x000001de04c29980, 0x000001de04e1d2d0,
0x000001de04dae960, 0x000001de7add8e50, 0x000001de042fcfd0, 0x000001de0444c9b0,
0x000001de0444af70, 0x000001de0444d040, 0x000001de04c2af60, 0x000001de04c2ea70,
0x000001de04c2c9a0, 0x000001de04c2d6c0, 0x000001de04c2d030, 0x000001de04c2e3e0,
0x000001de04c2b5f0, 0x000001de04c2dd50, 0x000001de04c2f100, 0x000001de04c2bc80,
0x000001de04c2f790, 0x000001de04c2c310, 0x000001de04c304b0, 0x000001de04c31860,
0x000001de07518730, 0x000001de06ab12b0, 0x000001de06ab1fd0, 0x000001de04c45700,
0x000001de060f6ab0, 0x000001de04c43630
}

Java Threads: ( => current thread )
  0x000001de1f990d70 JavaThread "main"                              [_thread_blocked, id=23648, stack(0x000000b17b200000,0x000000b17b300000) (1024K)]
  0x000001de21d293d0 JavaThread "Reference Handler"          daemon [_thread_blocked, id=5596, stack(0x000000b17b600000,0x000000b17b700000) (1024K)]
  0x000001de21e4d470 JavaThread "Finalizer"                  daemon [_thread_blocked, id=24592, stack(0x000000b17b700000,0x000000b17b800000) (1024K)]
  0x000001de21d2cdf0 JavaThread "Signal Dispatcher"          daemon [_thread_blocked, id=22228, stack(0x000000b17b800000,0x000000b17b900000) (1024K)]
=>0x000001de21d2e560 JavaThread "Attach Listener"            daemon [_thread_in_vm, id=4076, stack(0x000000b17b900000,0x000000b17ba00000) (1024K)]
  0x000001de21d2f750 JavaThread "Service Thread"             daemon [_thread_blocked, id=5532, stack(0x000000b17ba00000,0x000000b17bb00000) (1024K)]
  0x000001de21d337e0 JavaThread "Monitor Deflation Thread"   daemon [_thread_blocked, id=25804, stack(0x000000b17bb00000,0x000000b17bc00000) (1024K)]
  0x000001de7aac3b30 JavaThread "C2 CompilerThread0"         daemon [_thread_blocked, id=19224, stack(0x000000b17bc00000,0x000000b17bd00000) (1024K)]
  0x000001de7aac51e0 JavaThread "C1 CompilerThread0"         daemon [_thread_blocked, id=6828, stack(0x000000b17bd00000,0x000000b17be00000) (1024K)]
  0x000001de7ad1ca80 JavaThread "Common-Cleaner"             daemon [_thread_blocked, id=1700, stack(0x000000b17bf00000,0x000000b17c000000) (1024K)]
  0x000001de7ae2e7c0 JavaThread "Notification Thread"        daemon [_thread_blocked, id=2208, stack(0x000000b17c000000,0x000000b17c100000) (1024K)]
  0x000001de04b091d0 JavaThread "Active Thread: Equinox Container: f699b972-6c72-48e3-a6c2-31d37511303b"        [_thread_blocked, id=27968, stack(0x000000b17c100000,0x000000b17c200000) (1024K)]
  0x000001de049da5d0 JavaThread "Refresh Thread: Equinox Container: f699b972-6c72-48e3-a6c2-31d37511303b" daemon [_thread_blocked, id=17360, stack(0x000000b17c800000,0x000000b17c900000) (1024K)]
  0x000001de7acd9cd0 JavaThread "Framework Event Dispatcher: Equinox Container: f699b972-6c72-48e3-a6c2-31d37511303b" daemon [_thread_blocked, id=10320, stack(0x000000b17be00000,0x000000b17bf00000) (1024K)]
  0x000001de04c29980 JavaThread "Start Level: Equinox Container: f699b972-6c72-48e3-a6c2-31d37511303b" daemon [_thread_blocked, id=12716, stack(0x000000b17ca00000,0x000000b17cb00000) (1024K)]
  0x000001de04e1d2d0 JavaThread "Bundle File Closer"         daemon [_thread_blocked, id=22940, stack(0x000000b17ce00000,0x000000b17cf00000) (1024K)]
  0x000001de04dae960 JavaThread "SCR Component Actor"        daemon [_thread_blocked, id=21452, stack(0x000000b17cb00000,0x000000b17cc00000) (1024K)]
  0x000001de7add8e50 JavaThread "Worker-JM"                         [_thread_blocked, id=25992, stack(0x000000b17d100000,0x000000b17d200000) (1024K)]
  0x000001de042fcfd0 JavaThread "JNA Cleaner"                daemon [_thread_blocked, id=10332, stack(0x000000b17cf00000,0x000000b17d000000) (1024K)]
  0x000001de0444c9b0 JavaThread "Java indexing"              daemon [_thread_blocked, id=20164, stack(0x000000b17d500000,0x000000b17d600000) (1024K)]
  0x000001de0444af70 JavaThread "Thread-1"                   daemon [_thread_in_native, id=23128, stack(0x000000b17db00000,0x000000b17dc00000) (1024K)]
  0x000001de0444d040 JavaThread "Thread-2"                   daemon [_thread_in_native, id=12988, stack(0x000000b17dc00000,0x000000b17dd00000) (1024K)]
  0x000001de04c2af60 JavaThread "Thread-3"                   daemon [_thread_in_native, id=21720, stack(0x000000b17dd00000,0x000000b17de00000) (1024K)]
  0x000001de04c2ea70 JavaThread "Thread-4"                   daemon [_thread_in_native, id=4324, stack(0x000000b17de00000,0x000000b17df00000) (1024K)]
  0x000001de04c2c9a0 JavaThread "Thread-5"                   daemon [_thread_in_native, id=26052, stack(0x000000b17df00000,0x000000b17e000000) (1024K)]
  0x000001de04c2d6c0 JavaThread "Thread-6"                   daemon [_thread_in_native, id=24836, stack(0x000000b17e000000,0x000000b17e100000) (1024K)]
  0x000001de04c2d030 JavaThread "Thread-7"                   daemon [_thread_in_native, id=27436, stack(0x000000b17e100000,0x000000b17e200000) (1024K)]
  0x000001de04c2e3e0 JavaThread "Thread-8"                   daemon [_thread_in_native, id=22572, stack(0x000000b17e200000,0x000000b17e300000) (1024K)]
  0x000001de04c2b5f0 JavaThread "Thread-9"                   daemon [_thread_in_native, id=19012, stack(0x000000b17e300000,0x000000b17e400000) (1024K)]
  0x000001de04c2dd50 JavaThread "Thread-10"                  daemon [_thread_in_native, id=9632, stack(0x000000b17e400000,0x000000b17e500000) (1024K)]
  0x000001de04c2f100 JavaThread "Thread-11"                  daemon [_thread_in_native, id=22320, stack(0x000000b17e500000,0x000000b17e600000) (1024K)]
  0x000001de04c2bc80 JavaThread "Thread-12"                  daemon [_thread_in_native, id=22620, stack(0x000000b17e600000,0x000000b17e700000) (1024K)]
  0x000001de04c2f790 JavaThread "Thread-13"                  daemon [_thread_in_native, id=14208, stack(0x000000b17e700000,0x000000b17e800000) (1024K)]
  0x000001de04c2c310 JavaThread "pool-2-thread-1"                   [_thread_blocked, id=15432, stack(0x000000b17e800000,0x000000b17e900000) (1024K)]
  0x000001de04c304b0 JavaThread "WorkspaceEventsHandler"            [_thread_blocked, id=2744, stack(0x000000b17e900000,0x000000b17ea00000) (1024K)]
  0x000001de04c31860 JavaThread "pool-1-thread-1"                   [_thread_blocked, id=11220, stack(0x000000b17ea00000,0x000000b17eb00000) (1024K)]
  0x000001de07518730 JavaThread "Cleaner-0"                  daemon [_thread_blocked, id=16164, stack(0x000000b17fc00000,0x000000b17fd00000) (1024K)]
  0x000001de06ab12b0 JavaThread "Java Debug Server"          daemon [_thread_in_native, id=14764, stack(0x000000b100e00000,0x000000b100f00000) (1024K)]
  0x000001de06ab1fd0 JavaThread "RxSchedulerPurge-1"         daemon [_thread_blocked, id=26484, stack(0x000000b101700000,0x000000b101800000) (1024K)]
  0x000001de04c45700 JavaThread "RxCachedWorkerPoolEvictor-1" daemon [_thread_blocked, id=25616, stack(0x000000b101800000,0x000000b101900000) (1024K)]
  0x000001de060f6ab0 JavaThread "Worker-40"                         [_thread_blocked, id=5240, stack(0x000000b100100000,0x000000b100200000) (1024K)]
  0x000001de04c43630 JavaThread "Worker-45"                         [_thread_blocked, id=19808, stack(0x000000b100f00000,0x000000b101000000) (1024K)]
Total: 42

Other Threads:
  0x000001de21d22360 VMThread "VM Thread"                           [id=4916, stack(0x000000b17b500000,0x000000b17b600000) (1024K)]
  0x000001de21c1ca00 WatcherThread "VM Periodic Task Thread"        [id=15304, stack(0x000000b17b400000,0x000000b17b500000) (1024K)]
  0x000001de21db8870 WorkerThread "GC Thread#0"                     [id=15084, stack(0x000000b17b300000,0x000000b17b400000) (1024K)]
  0x000001de041aacd0 WorkerThread "GC Thread#1"                     [id=12644, stack(0x000000b17c200000,0x000000b17c300000) (1024K)]
  0x000001de047407d0 WorkerThread "GC Thread#2"                     [id=16020, stack(0x000000b17c300000,0x000000b17c400000) (1024K)]
  0x000001de04740b70 WorkerThread "GC Thread#3"                     [id=14636, stack(0x000000b17c400000,0x000000b17c500000) (1024K)]
  0x000001de0473a1d0 WorkerThread "GC Thread#4"                     [id=1092, stack(0x000000b17c500000,0x000000b17c600000) (1024K)]
  0x000001de0473a570 WorkerThread "GC Thread#5"                     [id=12744, stack(0x000000b17c600000,0x000000b17c700000) (1024K)]
  0x000001de040a6c00 WorkerThread "GC Thread#6"                     [id=22652, stack(0x000000b17c700000,0x000000b17c800000) (1024K)]
  0x000001de04ae82f0 WorkerThread "GC Thread#7"                     [id=22588, stack(0x000000b17c900000,0x000000b17ca00000) (1024K)]
  0x000001de04ae8690 WorkerThread "GC Thread#8"                     [id=22156, stack(0x000000b17cc00000,0x000000b17cd00000) (1024K)]
  0x000001de04ae8a30 WorkerThread "GC Thread#9"                     [id=4556, stack(0x000000b17cd00000,0x000000b17ce00000) (1024K)]
Total: 12

Threads with active compile tasks:
Total: 0

VM state: not at safepoint (normal execution)

VM Mutex/Monitor currently owned by a thread: None

Heap address: 0x0000000080000000, size: 2048 MB, Compressed Oops mode: 32-bit

CDS archive(s) mapped at: [0x000001de39000000-0x000001de39ba0000-0x000001de39ba0000), size 12189696, SharedBaseAddress: 0x000001de39000000, ArchiveRelocationMode: 1.
Compressed class space mapped at: 0x000001de3a000000-0x000001de7a000000, reserved size: 1073741824
Narrow klass base: 0x000001de39000000, Narrow klass shift: 0, Narrow klass range: 0x100000000

GC Precious Log:
 CardTable entry size: 512
 CPUs: 12 total, 12 available
 Memory: 7501M
 Large Page Support: Disabled
 NUMA Support: Disabled
 Compressed Oops: Enabled (32-bit)
 Alignments: Space 512K, Generation 512K, Heap 2M
 Heap Min Capacity: 100M
 Heap Initial Capacity: 100M
 Heap Max Capacity: 2G
 Pre-touch: Disabled
 Parallel Workers: 10

Heap:
 PSYoungGen      total 7168K, used 4460K [0x00000000d5580000, 0x00000000d5d80000, 0x0000000100000000)
  eden space 6144K, 63% used [0x00000000d5580000,0x00000000d594b1b8,0x00000000d5b80000)
  from space 1024K, 56% used [0x00000000d5c80000,0x00000000d5d10000,0x00000000d5d80000)
  to   space 1024K, 0% used [0x00000000d5b80000,0x00000000d5b80000,0x00000000d5c80000)
 ParOldGen       total 656896K, used 656384K [0x0000000080000000, 0x00000000a8180000, 0x00000000d5580000)
  object space 656896K, 99% used [0x0000000080000000,0x00000000a8100380,0x00000000a8180000)
 Metaspace       used 100857K, committed 102528K, reserved 1179648K
  class space    used 10240K, committed 11008K, reserved 1048576K

Card table byte_map: [0x000001de21730000,0x000001de21b40000] _byte_map_base: 0x000001de21330000

Marking Bits: (ParMarkBitMap*) 0x00007ffe22a82460
 Begin Bits: [0x000001de34240000, 0x000001de36240000)
 End Bits:   [0x000001de36240000, 0x000001de38240000)

Polling page: 0x000001de1fb60000

Metaspace:

Usage:
  Non-class:     88.49 MB used.
      Class:     10.00 MB used.
       Both:     98.49 MB used.

Virtual space:
  Non-class space:      128.00 MB reserved,      89.38 MB ( 70%) committed,  2 nodes.
      Class space:        1.00 GB reserved,      10.75 MB (  1%) committed,  1 nodes.
             Both:        1.12 GB reserved,     100.12 MB (  9%) committed. 

Chunk freelists:
   Non-Class:  6.67 MB
       Class:  5.17 MB
        Both:  11.84 MB

MaxMetaspaceSize: unlimited
CompressedClassSpaceSize: 1.00 GB
Initial GC threshold: 21.00 MB
Current GC threshold: 166.06 MB
CDS: on
 - commit_granule_bytes: 65536.
 - commit_granule_words: 8192.
 - virtual_space_node_default_size: 8388608.
 - enlarge_chunks_in_place: 1.
 - use_allocation_guard: 0.


Internal statistics:

num_allocs_failed_limit: 9.
num_arena_births: 2152.
num_arena_deaths: 564.
num_vsnodes_births: 3.
num_vsnodes_deaths: 0.
num_space_committed: 1602.
num_space_uncommitted: 0.
num_chunks_returned_to_freelist: 679.
num_chunks_taken_from_freelist: 7521.
num_chunk_merges: 158.
num_chunk_splits: 4190.
num_chunks_enlarged: 2182.
num_inconsistent_stats: 0.

CodeHeap 'non-profiled nmethods': size=120000Kb used=20441Kb max_used=24576Kb free=99558Kb
 bounds [0x000001de2ca60000, 0x000001de2e270000, 0x000001de33f90000]
CodeHeap 'profiled nmethods': size=120000Kb used=35646Kb max_used=48933Kb free=84353Kb
 bounds [0x000001de24f90000, 0x000001de27f60000, 0x000001de2c4c0000]
CodeHeap 'non-nmethods': size=5760Kb used=1556Kb max_used=1630Kb free=4203Kb
 bounds [0x000001de2c4c0000, 0x000001de2c730000, 0x000001de2ca60000]
CodeCache: size=245760Kb, used=57643Kb, max_used=75139Kb, free=188114Kb
 total_blobs=17041, nmethods=16168, adapters=773, full_count=0
Compilation: enabled, stopped_count=0, restarted_count=0

Compilation events (20 events):
Event: 10359.592 Thread 0x000001de7aac51e0 29312       3       jdk.xml.internal.XMLSecurityManager$Limit::is (35 bytes)
Event: 10359.593 Thread 0x000001de7aac51e0 nmethod 29312 0x000001de25628d90 code [0x000001de25628f60, 0x000001de25629198]
Event: 10359.622 Thread 0x000001de7aac51e0 29313       3       org.eclipse.core.internal.resources.ResourceInfo::writeTo (41 bytes)
Event: 10359.626 Thread 0x000001de7aac51e0 nmethod 29313 0x000001de25c66110 code [0x000001de25c66300, 0x000001de25c66840]
Event: 10359.761 Thread 0x000001de7aac51e0 29314       1       org.eclipse.core.internal.resources.ModelObject::setName (6 bytes)
Event: 10359.761 Thread 0x000001de7aac51e0 nmethod 29314 0x000001de2cd6f210 code [0x000001de2cd6f3a0, 0x000001de2cd6f480]
Event: 10359.862 Thread 0x000001de7aac3b30 29315       4       com.sun.org.apache.xerces.internal.util.ParserConfigurationSettings::getFeature (20 bytes)
Event: 10359.878 Thread 0x000001de7aac3b30 nmethod 29315 0x000001de2cb28990 code [0x000001de2cb28c00, 0x000001de2cb29628]
Event: 10359.882 Thread 0x000001de7aac51e0 29316   !   3       org.eclipse.jdt.apt.core.internal.generatedfile.GeneratedSourceFolderManager::getFolder (31 bytes)
Event: 10359.885 Thread 0x000001de7aac51e0 nmethod 29316 0x000001de2628f590 code [0x000001de2628f740, 0x000001de2628fa08]
Event: 10360.458 Thread 0x000001de7aac51e0 29318       3       sun.nio.fs.NativeBuffer$Deallocator::run (11 bytes)
Event: 10360.459 Thread 0x000001de7aac51e0 nmethod 29318 0x000001de25db7810 code [0x000001de25db79e0, 0x000001de25db7d00]
Event: 10360.459 Thread 0x000001de7aac51e0 29317       3       sun.nio.fs.NativeBuffer::free (10 bytes)
Event: 10360.460 Thread 0x000001de7aac51e0 nmethod 29317 0x000001de25abcb90 code [0x000001de25abcd80, 0x000001de25abd180]
Event: 11108.454 Thread 0x000001de7aac3b30 29319       4       org.eclipse.core.internal.dtree.AbstractDataTreeNode::storeStrings (42 bytes)
Event: 11108.775 Thread 0x000001de7aac3b30 nmethod 29319 0x000001de2dc66190 code [0x000001de2dc665e0, 0x000001de2dc688a8]
Event: 11108.776 Thread 0x000001de7aac3b30 29320       4       org.eclipse.core.internal.dtree.DataTreeNode::storeStrings (28 bytes)
Event: 11108.781 Thread 0x000001de7aac3b30 nmethod 29320 0x000001de2dbbf410 code [0x000001de2dbbf600, 0x000001de2dbbf8b0]
Event: 11529.946 Thread 0x000001de7aac51e0 29321   !   3       org.eclipse.osgi.storage.Storage::save0 (246 bytes)
Event: 11530.221 Thread 0x000001de7aac51e0 nmethod 29321 0x000001de260b0790 code [0x000001de260b0ca0, 0x000001de260b3888]

GC Heap History (20 events):
Event: 10241.682 GC heap before
{Heap before GC invocations=2982 (full 8):
 PSYoungGen      total 7680K, used 7680K [0x00000000d5580000, 0x00000000d5f80000, 0x0000000100000000)
  eden space 7168K, 100% used [0x00000000d5580000,0x00000000d5c80000,0x00000000d5c80000)
  from space 512K, 100% used [0x00000000d5e00000,0x00000000d5e80000,0x00000000d5e80000)
  to   space 1536K, 0% used [0x00000000d5c80000,0x00000000d5c80000,0x00000000d5e00000)
 ParOldGen       total 649728K, used 649670K [0x0000000080000000, 0x00000000a7a80000, 0x00000000d5580000)
  object space 649728K, 99% used [0x0000000080000000,0x00000000a7a71b78,0x00000000a7a80000)
 Metaspace       used 100772K, committed 102400K, reserved 1179648K
  class space    used 10239K, committed 11008K, reserved 1048576K
}
Event: 10241.684 GC heap after
{Heap after GC invocations=2982 (full 8):
 PSYoungGen      total 8192K, used 800K [0x00000000d5580000, 0x00000000d5e80000, 0x0000000100000000)
  eden space 7168K, 0% used [0x00000000d5580000,0x00000000d5580000,0x00000000d5c80000)
  from space 1024K, 78% used [0x00000000d5c80000,0x00000000d5d48020,0x00000000d5d80000)
  to   space 1024K, 0% used [0x00000000d5d80000,0x00000000d5d80000,0x00000000d5e80000)
 ParOldGen       total 650240K, used 650118K [0x0000000080000000, 0x00000000a7b00000, 0x00000000d5580000)
  object space 650240K, 99% used [0x0000000080000000,0x00000000a7ae1b88,0x00000000a7b00000)
 Metaspace       used 100772K, committed 102400K, reserved 1179648K
  class space    used 10239K, committed 11008K, reserved 1048576K
}
Event: 10241.706 GC heap before
{Heap before GC invocations=2983 (full 8):
 PSYoungGen      total 8192K, used 7968K [0x00000000d5580000, 0x00000000d5e80000, 0x0000000100000000)
  eden space 7168K, 100% used [0x00000000d5580000,0x00000000d5c80000,0x00000000d5c80000)
  from space 1024K, 78% used [0x00000000d5c80000,0x00000000d5d48020,0x00000000d5d80000)
  to   space 1024K, 0% used [0x00000000d5d80000,0x00000000d5d80000,0x00000000d5e80000)
 ParOldGen       total 650240K, used 650118K [0x0000000080000000, 0x00000000a7b00000, 0x00000000d5580000)
  object space 650240K, 99% used [0x0000000080000000,0x00000000a7ae1b88,0x00000000a7b00000)
 Metaspace       used 100772K, committed 102400K, reserved 1179648K
  class space    used 10239K, committed 11008K, reserved 1048576K
}
Event: 10241.708 GC heap after
{Heap after GC invocations=2983 (full 8):
 PSYoungGen      total 7168K, used 1009K [0x00000000d5580000, 0x00000000d6080000, 0x0000000100000000)
  eden space 6144K, 0% used [0x00000000d5580000,0x00000000d5580000,0x00000000d5b80000)
  from space 1024K, 98% used [0x00000000d5d80000,0x00000000d5e7c530,0x00000000d5e80000)
  to   space 2048K, 0% used [0x00000000d5b80000,0x00000000d5b80000,0x00000000d5d80000)
 ParOldGen       total 651264K, used 650759K [0x0000000080000000, 0x00000000a7c00000, 0x00000000d5580000)
  object space 651264K, 99% used [0x0000000080000000,0x00000000a7b81c08,0x00000000a7c00000)
 Metaspace       used 100772K, committed 102400K, reserved 1179648K
  class space    used 10239K, committed 11008K, reserved 1048576K
}
Event: 10241.721 GC heap before
{Heap before GC invocations=2984 (full 8):
 PSYoungGen      total 7168K, used 7153K [0x00000000d5580000, 0x00000000d6080000, 0x0000000100000000)
  eden space 6144K, 100% used [0x00000000d5580000,0x00000000d5b80000,0x00000000d5b80000)
  from space 1024K, 98% used [0x00000000d5d80000,0x00000000d5e7c530,0x00000000d5e80000)
  to   space 2048K, 0% used [0x00000000d5b80000,0x00000000d5b80000,0x00000000d5d80000)
 ParOldGen       total 651264K, used 650759K [0x0000000080000000, 0x00000000a7c00000, 0x00000000d5580000)
  object space 651264K, 99% used [0x0000000080000000,0x00000000a7b81c08,0x00000000a7c00000)
 Metaspace       used 100772K, committed 102400K, reserved 1179648K
  class space    used 10239K, committed 11008K, reserved 1048576K
}
Event: 10241.723 GC heap after
{Heap after GC invocations=2984 (full 8):
 PSYoungGen      total 7168K, used 672K [0x00000000d5580000, 0x00000000d5e80000, 0x0000000100000000)
  eden space 6144K, 0% used [0x00000000d5580000,0x00000000d5580000,0x00000000d5b80000)
  from space 1024K, 65% used [0x00000000d5b80000,0x00000000d5c28000,0x00000000d5c80000)
  to   space 1536K, 0% used [0x00000000d5d00000,0x00000000d5d00000,0x00000000d5e80000)
 ParOldGen       total 651776K, used 651752K [0x0000000080000000, 0x00000000a7c80000, 0x00000000d5580000)
  object space 651776K, 99% used [0x0000000080000000,0x00000000a7c7a1a8,0x00000000a7c80000)
 Metaspace       used 100772K, committed 102400K, reserved 1179648K
  class space    used 10239K, committed 11008K, reserved 1048576K
}
Event: 10241.736 GC heap before
{Heap before GC invocations=2985 (full 8):
 PSYoungGen      total 7168K, used 6816K [0x00000000d5580000, 0x00000000d5e80000, 0x0000000100000000)
  eden space 6144K, 100% used [0x00000000d5580000,0x00000000d5b80000,0x00000000d5b80000)
  from space 1024K, 65% used [0x00000000d5b80000,0x00000000d5c28000,0x00000000d5c80000)
  to   space 1536K, 0% used [0x00000000d5d00000,0x00000000d5d00000,0x00000000d5e80000)
 ParOldGen       total 651776K, used 651752K [0x0000000080000000, 0x00000000a7c80000, 0x00000000d5580000)
  object space 651776K, 99% used [0x0000000080000000,0x00000000a7c7a1a8,0x00000000a7c80000)
 Metaspace       used 100773K, committed 102400K, reserved 1179648K
  class space    used 10239K, committed 11008K, reserved 1048576K
}
Event: 10241.739 GC heap after
{Heap after GC invocations=2985 (full 8):
 PSYoungGen      total 7168K, used 640K [0x00000000d5580000, 0x00000000d5e00000, 0x0000000100000000)
  eden space 6144K, 0% used [0x00000000d5580000,0x00000000d5580000,0x00000000d5b80000)
  from space 1024K, 62% used [0x00000000d5d00000,0x00000000d5da0020,0x00000000d5e00000)
  to   space 1024K, 0% used [0x00000000d5b80000,0x00000000d5b80000,0x00000000d5c80000)
 ParOldGen       total 652288K, used 652236K [0x0000000080000000, 0x00000000a7d00000, 0x00000000d5580000)
  object space 652288K, 99% used [0x0000000080000000,0x00000000a7cf31d8,0x00000000a7d00000)
 Metaspace       used 100773K, committed 102400K, reserved 1179648K
  class space    used 10239K, committed 11008K, reserved 1048576K
}
Event: 10250.092 GC heap before
{Heap before GC invocations=2986 (full 8):
 PSYoungGen      total 7168K, used 6784K [0x00000000d5580000, 0x00000000d5e00000, 0x0000000100000000)
  eden space 6144K, 100% used [0x00000000d5580000,0x00000000d5b80000,0x00000000d5b80000)
  from space 1024K, 62% used [0x00000000d5d00000,0x00000000d5da0020,0x00000000d5e00000)
  to   space 1024K, 0% used [0x00000000d5b80000,0x00000000d5b80000,0x00000000d5c80000)
 ParOldGen       total 652288K, used 652236K [0x0000000080000000, 0x00000000a7d00000, 0x00000000d5580000)
  object space 652288K, 99% used [0x0000000080000000,0x00000000a7cf31d8,0x00000000a7d00000)
 Metaspace       used 100773K, committed 102400K, reserved 1179648K
  class space    used 10239K, committed 11008K, reserved 1048576K
}
Event: 10250.102 GC heap after
{Heap after GC invocations=2986 (full 8):
 PSYoungGen      total 7168K, used 865K [0x00000000d5580000, 0x00000000d5d80000, 0x0000000100000000)
  eden space 6144K, 0% used [0x00000000d5580000,0x00000000d5580000,0x00000000d5b80000)
  from space 1024K, 84% used [0x00000000d5b80000,0x00000000d5c58490,0x00000000d5c80000)
  to   space 1024K, 0% used [0x00000000d5c80000,0x00000000d5c80000,0x00000000d5d80000)
 ParOldGen       total 652800K, used 652756K [0x0000000080000000, 0x00000000a7d80000, 0x00000000d5580000)
  object space 652800K, 99% used [0x0000000080000000,0x00000000a7d75238,0x00000000a7d80000)
 Metaspace       used 100773K, committed 102400K, reserved 1179648K
  class space    used 10239K, committed 11008K, reserved 1048576K
}
Event: 10250.159 GC heap before
{Heap before GC invocations=2987 (full 8):
 PSYoungGen      total 7168K, used 7009K [0x00000000d5580000, 0x00000000d5d80000, 0x0000000100000000)
  eden space 6144K, 99% used [0x00000000d5580000,0x00000000d5b7fff8,0x00000000d5b80000)
  from space 1024K, 84% used [0x00000000d5b80000,0x00000000d5c58490,0x00000000d5c80000)
  to   space 1024K, 0% used [0x00000000d5c80000,0x00000000d5c80000,0x00000000d5d80000)
 ParOldGen       total 652800K, used 652756K [0x0000000080000000, 0x00000000a7d80000, 0x00000000d5580000)
  object space 652800K, 99% used [0x0000000080000000,0x00000000a7d75238,0x00000000a7d80000)
 Metaspace       used 100773K, committed 102400K, reserved 1179648K
  class space    used 10239K, committed 11008K, reserved 1048576K
}
Event: 10250.164 GC heap after
{Heap after GC invocations=2987 (full 8):
 PSYoungGen      total 7168K, used 800K [0x00000000d5580000, 0x00000000d5d80000, 0x0000000100000000)
  eden space 6144K, 0% used [0x00000000d5580000,0x00000000d5580000,0x00000000d5b80000)
  from space 1024K, 78% used [0x00000000d5c80000,0x00000000d5d48000,0x00000000d5d80000)
  to   space 1024K, 0% used [0x00000000d5b80000,0x00000000d5b80000,0x00000000d5c80000)
 ParOldGen       total 653824K, used 653498K [0x0000000080000000, 0x00000000a7e80000, 0x00000000d5580000)
  object space 653824K, 99% used [0x0000000080000000,0x00000000a7e2e9d8,0x00000000a7e80000)
 Metaspace       used 100773K, committed 102400K, reserved 1179648K
  class space    used 10239K, committed 11008K, reserved 1048576K
}
Event: 10250.249 GC heap before
{Heap before GC invocations=2988 (full 8):
 PSYoungGen      total 7168K, used 6944K [0x00000000d5580000, 0x00000000d5d80000, 0x0000000100000000)
  eden space 6144K, 100% used [0x00000000d5580000,0x00000000d5b80000,0x00000000d5b80000)
  from space 1024K, 78% used [0x00000000d5c80000,0x00000000d5d48000,0x00000000d5d80000)
  to   space 1024K, 0% used [0x00000000d5b80000,0x00000000d5b80000,0x00000000d5c80000)
 ParOldGen       total 653824K, used 653498K [0x0000000080000000, 0x00000000a7e80000, 0x00000000d5580000)
  object space 653824K, 99% used [0x0000000080000000,0x00000000a7e2e9d8,0x00000000a7e80000)
 Metaspace       used 100815K, committed 102464K, reserved 1179648K
  class space    used 10239K, committed 11008K, reserved 1048576K
}
Event: 10250.257 GC heap after
{Heap after GC invocations=2988 (full 8):
 PSYoungGen      total 7168K, used 958K [0x00000000d5580000, 0x00000000d5d80000, 0x0000000100000000)
  eden space 6144K, 0% used [0x00000000d5580000,0x00000000d5580000,0x00000000d5b80000)
  from space 1024K, 93% used [0x00000000d5b80000,0x00000000d5c6f978,0x00000000d5c80000)
  to   space 1024K, 0% used [0x00000000d5c80000,0x00000000d5c80000,0x00000000d5d80000)
 ParOldGen       total 654336K, used 654159K [0x0000000080000000, 0x00000000a7f00000, 0x00000000d5580000)
  object space 654336K, 99% used [0x0000000080000000,0x00000000a7ed3e90,0x00000000a7f00000)
 Metaspace       used 100815K, committed 102464K, reserved 1179648K
  class space    used 10239K, committed 11008K, reserved 1048576K
}
Event: 10250.505 GC heap before
{Heap before GC invocations=2989 (full 8):
 PSYoungGen      total 7168K, used 7102K [0x00000000d5580000, 0x00000000d5d80000, 0x0000000100000000)
  eden space 6144K, 100% used [0x00000000d5580000,0x00000000d5b80000,0x00000000d5b80000)
  from space 1024K, 93% used [0x00000000d5b80000,0x00000000d5c6f978,0x00000000d5c80000)
  to   space 1024K, 0% used [0x00000000d5c80000,0x00000000d5c80000,0x00000000d5d80000)
 ParOldGen       total 654336K, used 654159K [0x0000000080000000, 0x00000000a7f00000, 0x00000000d5580000)
  object space 654336K, 99% used [0x0000000080000000,0x00000000a7ed3e90,0x00000000a7f00000)
 Metaspace       used 100815K, committed 102464K, reserved 1179648K
  class space    used 10239K, committed 11008K, reserved 1048576K
}
Event: 10250.508 GC heap after
{Heap after GC invocations=2989 (full 8):
 PSYoungGen      total 7168K, used 810K [0x00000000d5580000, 0x00000000d5d80000, 0x0000000100000000)
  eden space 6144K, 0% used [0x00000000d5580000,0x00000000d5580000,0x00000000d5b80000)
  from space 1024K, 79% used [0x00000000d5c80000,0x00000000d5d4a910,0x00000000d5d80000)
  to   space 1024K, 0% used [0x00000000d5b80000,0x00000000d5b80000,0x00000000d5c80000)
 ParOldGen       total 655360K, used 654935K [0x0000000080000000, 0x00000000a8000000, 0x00000000d5580000)
  object space 655360K, 99% used [0x0000000080000000,0x00000000a7f95f40,0x00000000a8000000)
 Metaspace       used 100815K, committed 102464K, reserved 1179648K
  class space    used 10239K, committed 11008K, reserved 1048576K
}
Event: 10250.545 GC heap before
{Heap before GC invocations=2990 (full 8):
 PSYoungGen      total 7168K, used 6954K [0x00000000d5580000, 0x00000000d5d80000, 0x0000000100000000)
  eden space 6144K, 100% used [0x00000000d5580000,0x00000000d5b80000,0x00000000d5b80000)
  from space 1024K, 79% used [0x00000000d5c80000,0x00000000d5d4a910,0x00000000d5d80000)
  to   space 1024K, 0% used [0x00000000d5b80000,0x00000000d5b80000,0x00000000d5c80000)
 ParOldGen       total 655360K, used 654935K [0x0000000080000000, 0x00000000a8000000, 0x00000000d5580000)
  object space 655360K, 99% used [0x0000000080000000,0x00000000a7f95f40,0x00000000a8000000)
 Metaspace       used 100818K, committed 102464K, reserved 1179648K
  class space    used 10239K, committed 11008K, reserved 1048576K
}
Event: 10250.548 GC heap after
{Heap after GC invocations=2990 (full 8):
 PSYoungGen      total 7168K, used 980K [0x00000000d5580000, 0x00000000d5d80000, 0x0000000100000000)
  eden space 6144K, 0% used [0x00000000d5580000,0x00000000d5580000,0x00000000d5b80000)
  from space 1024K, 95% used [0x00000000d5b80000,0x00000000d5c75200,0x00000000d5c80000)
  to   space 1024K, 0% used [0x00000000d5c80000,0x00000000d5c80000,0x00000000d5d80000)
 ParOldGen       total 655872K, used 655564K [0x0000000080000000, 0x00000000a8080000, 0x00000000d5580000)
  object space 655872K, 99% used [0x0000000080000000,0x00000000a8033170,0x00000000a8080000)
 Metaspace       used 100818K, committed 102464K, reserved 1179648K
  class space    used 10239K, committed 11008K, reserved 1048576K
}
Event: 10359.786 GC heap before
{Heap before GC invocations=2991 (full 8):
 PSYoungGen      total 7168K, used 7124K [0x00000000d5580000, 0x00000000d5d80000, 0x0000000100000000)
  eden space 6144K, 99% used [0x00000000d5580000,0x00000000d5b7ffa8,0x00000000d5b80000)
  from space 1024K, 95% used [0x00000000d5b80000,0x00000000d5c75200,0x00000000d5c80000)
  to   space 1024K, 0% used [0x00000000d5c80000,0x00000000d5c80000,0x00000000d5d80000)
 ParOldGen       total 655872K, used 655564K [0x0000000080000000, 0x00000000a8080000, 0x00000000d5580000)
  object space 655872K, 99% used [0x0000000080000000,0x00000000a8033170,0x00000000a8080000)
 Metaspace       used 100833K, committed 102464K, reserved 1179648K
  class space    used 10240K, committed 11008K, reserved 1048576K
}
Event: 10359.790 GC heap after
{Heap after GC invocations=2991 (full 8):
 PSYoungGen      total 7168K, used 576K [0x00000000d5580000, 0x00000000d5d80000, 0x0000000100000000)
  eden space 6144K, 0% used [0x00000000d5580000,0x00000000d5580000,0x00000000d5b80000)
  from space 1024K, 56% used [0x00000000d5c80000,0x00000000d5d10000,0x00000000d5d80000)
  to   space 1024K, 0% used [0x00000000d5b80000,0x00000000d5b80000,0x00000000d5c80000)
 ParOldGen       total 656896K, used 656384K [0x0000000080000000, 0x00000000a8180000, 0x00000000d5580000)
  object space 656896K, 99% used [0x0000000080000000,0x00000000a8100380,0x00000000a8180000)
 Metaspace       used 100833K, committed 102464K, reserved 1179648K
  class space    used 10240K, committed 11008K, reserved 1048576K
}

Dll operation events (12 events):
Event: 0.058 Loaded shared library c:\Users\Tanishq\.vscode\extensions\redhat.java-1.50.0-win32-x64\jre\21.0.9-win32-x86_64\bin\java.dll
Event: 0.203 Loaded shared library c:\Users\Tanishq\.vscode\extensions\redhat.java-1.50.0-win32-x64\jre\21.0.9-win32-x86_64\bin\zip.dll
Event: 0.245 Loaded shared library C:\Users\Tanishq\.vscode\extensions\redhat.java-1.50.0-win32-x64\jre\21.0.9-win32-x86_64\bin\instrument.dll
Event: 0.257 Loaded shared library C:\Users\Tanishq\.vscode\extensions\redhat.java-1.50.0-win32-x64\jre\21.0.9-win32-x86_64\bin\net.dll
Event: 0.263 Loaded shared library C:\Users\Tanishq\.vscode\extensions\redhat.java-1.50.0-win32-x64\jre\21.0.9-win32-x86_64\bin\nio.dll
Event: 0.272 Loaded shared library C:\Users\Tanishq\.vscode\extensions\redhat.java-1.50.0-win32-x64\jre\21.0.9-win32-x86_64\bin\zip.dll
Event: 0.312 Loaded shared library C:\Users\Tanishq\.vscode\extensions\redhat.java-1.50.0-win32-x64\jre\21.0.9-win32-x86_64\bin\jimage.dll
Event: 0.496 Loaded shared library c:\Users\Tanishq\.vscode\extensions\redhat.java-1.50.0-win32-x64\jre\21.0.9-win32-x86_64\bin\verify.dll
Event: 3.138 Loaded shared library C:\Users\Tanishq\AppData\Roaming\Code\User\globalStorage\redhat.java\1.50.0\config_win\org.eclipse.equinox.launcher\org.eclipse.equinox.launcher.win32.win32.x86_64_1.2.1400.v20250801-0854\eclipse_11916.dll
Event: 7.151 Loaded shared library C:\Users\Tanishq\AppData\Local\Temp\jna-122754740\jna11429815569625613657.dll
Event: 11.966 Loaded shared library C:\Users\Tanishq\.vscode\extensions\redhat.java-1.50.0-win32-x64\jre\21.0.9-win32-x86_64\bin\sunmscapi.dll
Event: 13.356 Loaded shared library C:\Users\Tanishq\.vscode\extensions\redhat.java-1.50.0-win32-x64\jre\21.0.9-win32-x86_64\bin\extnet.dll

Deoptimization events (20 events):
Event: 10120.268 Thread 0x000001de04c484f0 Uncommon trap: trap_request=0xffffff45 fr.pc=0x000001de2df9976c relative=0x00000000000000ac
Event: 10120.268 Thread 0x000001de04c484f0 Uncommon trap: reason=unstable_if action=reinterpret pc=0x000001de2df9976c method=org.eclipse.jdt.internal.compiler.ast.ASTNode.resolveAnnotations(Lorg/eclipse/jdt/internal/compiler/lookup/BlockScope;[Lorg/eclipse/jdt/internal/compiler/ast/Annotation;Lorg
Event: 10120.269 Thread 0x000001de04c484f0 DEOPT PACKING pc=0x000001de2df9976c sp=0x000000b101bfde00
Event: 10120.269 Thread 0x000001de04c484f0 DEOPT UNPACKING pc=0x000001de2c513aa2 sp=0x000000b101bfdd68 mode 2
Event: 10120.468 Thread 0x000001de04c484f0 Uncommon trap: trap_request=0xffffff45 fr.pc=0x000001de2db41a48 relative=0x0000000000000468
Event: 10120.468 Thread 0x000001de04c484f0 Uncommon trap: reason=unstable_if action=reinterpret pc=0x000001de2db41a48 method=org.eclipse.jdt.internal.core.NameLookup.findModule([C)Lorg/eclipse/jdt/internal/core/NameLookup$Answer; @ 22 c2
Event: 10120.468 Thread 0x000001de04c484f0 DEOPT PACKING pc=0x000001de2db41a48 sp=0x000000b101bfe1a0
Event: 10120.468 Thread 0x000001de04c484f0 DEOPT UNPACKING pc=0x000001de2c513aa2 sp=0x000000b101bfe178 mode 2
Event: 10120.559 Thread 0x000001de04c484f0 Uncommon trap: trap_request=0xffffffc6 fr.pc=0x000001de2cdbfd30 relative=0x00000000000005d0
Event: 10120.559 Thread 0x000001de04c484f0 Uncommon trap: reason=bimorphic_or_optimized_type_check action=maybe_recompile pc=0x000001de2cdbfd30 method=org.eclipse.jdt.internal.compiler.lookup.ParameterizedGenericMethodBinding.computeCompatibleMethod(Lorg/eclipse/jdt/internal/compiler/lookup/Method
Event: 10120.559 Thread 0x000001de04c484f0 DEOPT PACKING pc=0x000001de2cdbfd30 sp=0x000000b101bfda80
Event: 10120.559 Thread 0x000001de04c484f0 DEOPT UNPACKING pc=0x000001de2c513aa2 sp=0x000000b101bfd920 mode 2
Event: 10120.559 Thread 0x000001de04c484f0 Uncommon trap: trap_request=0xffffffde fr.pc=0x000001de2d02179c relative=0x0000000000000b1c
Event: 10120.559 Thread 0x000001de04c484f0 Uncommon trap: reason=class_check action=maybe_recompile pc=0x000001de2d02179c method=org.eclipse.jdt.internal.compiler.ast.ASTNode.resolvePolyExpressionArguments0(Lorg/eclipse/jdt/internal/compiler/ast/Invocation;Lorg/eclipse/jdt/internal/compiler/lookup
Event: 10120.559 Thread 0x000001de04c484f0 DEOPT PACKING pc=0x000001de2d02179c sp=0x000000b101bfdbc0
Event: 10120.560 Thread 0x000001de04c484f0 DEOPT UNPACKING pc=0x000001de2c513aa2 sp=0x000000b101bfdb40 mode 2
Event: 10359.454 Thread 0x000001de04c484f0 Uncommon trap: trap_request=0xffffffcc fr.pc=0x000001de2d88f204 relative=0x0000000000000684
Event: 10359.454 Thread 0x000001de04c484f0 Uncommon trap: reason=intrinsic_or_type_checked_inlining action=make_not_entrant pc=0x000001de2d88f204 method=java.util.stream.SpinedBuffer.copyInto([Ljava/lang/Object;I)V @ 51 c2
Event: 10359.454 Thread 0x000001de04c484f0 DEOPT PACKING pc=0x000001de2d88f204 sp=0x000000b1003ff3f0
Event: 10359.455 Thread 0x000001de04c484f0 DEOPT UNPACKING pc=0x000001de2c513aa2 sp=0x000000b1003ff1f8 mode 2

Classes loaded (20 events):
Event: 5900.330 Loading class java/nio/channels/CompletionHandler
Event: 5900.335 Loading class java/nio/channels/CompletionHandler done
Event: 5901.289 Loading class jdk/internal/module/IllegalAccessLogger
Event: 5901.289 Loading class jdk/internal/module/IllegalAccessLogger done
Event: 5960.824 Loading class jdk/internal/module/IllegalAccessLogger
Event: 5960.825 Loading class jdk/internal/module/IllegalAccessLogger done
Event: 5980.884 Loading class jdk/internal/module/IllegalAccessLogger
Event: 5980.884 Loading class jdk/internal/module/IllegalAccessLogger done
Event: 6085.696 Loading class jdk/internal/module/IllegalAccessLogger
Event: 6085.696 Loading class jdk/internal/module/IllegalAccessLogger done
Event: 6122.363 Loading class jdk/internal/module/IllegalAccessLogger
Event: 6122.363 Loading class jdk/internal/module/IllegalAccessLogger done
Event: 6145.171 Loading class jdk/internal/module/IllegalAccessLogger
Event: 6145.171 Loading class jdk/internal/module/IllegalAccessLogger done
Event: 7501.559 Loading class jdk/internal/module/IllegalAccessLogger
Event: 7501.561 Loading class jdk/internal/module/IllegalAccessLogger done
Event: 7536.211 Loading class jdk/internal/module/IllegalAccessLogger
Event: 7536.211 Loading class jdk/internal/module/IllegalAccessLogger done
Event: 10060.298 Loading class jdk/internal/module/IllegalAccessLogger
Event: 10060.300 Loading class jdk/internal/module/IllegalAccessLogger done

Classes unloaded (20 events):
Event: 7533.717 Thread 0x000001de21d22360 Unloading class 0x000001de3a221800 'java/lang/invoke/LambdaForm$MH+0x000001de3a221800'
Event: 7533.718 Thread 0x000001de21d22360 Unloading class 0x000001de3a220400 'java/lang/invoke/LambdaForm$BMH+0x000001de3a220400'
Event: 7533.718 Thread 0x000001de21d22360 Unloading class 0x000001de3a170c00 'java/lang/invoke/LambdaForm$MH+0x000001de3a170c00'
Event: 7533.719 Thread 0x000001de21d22360 Unloading class 0x000001de3a170800 'java/lang/invoke/LambdaForm$MH+0x000001de3a170800'
Event: 7533.719 Thread 0x000001de21d22360 Unloading class 0x000001de3a170000 'java/lang/invoke/LambdaForm$MH+0x000001de3a170000'
Event: 7533.719 Thread 0x000001de21d22360 Unloading class 0x000001de3a082400 'java/lang/invoke/LambdaForm$MH+0x000001de3a082400'
Event: 7533.719 Thread 0x000001de21d22360 Unloading class 0x000001de3a081c00 'java/lang/invoke/LambdaForm$MH+0x000001de3a081c00'
Event: 7533.719 Thread 0x000001de21d22360 Unloading class 0x000001de3a081800 'java/lang/invoke/LambdaForm$MH+0x000001de3a081800'
Event: 7533.719 Thread 0x000001de21d22360 Unloading class 0x000001de3a081400 'java/lang/invoke/LambdaForm$MH+0x000001de3a081400'
Event: 7533.719 Thread 0x000001de21d22360 Unloading class 0x000001de3a081000 'java/lang/invoke/LambdaForm$MH+0x000001de3a081000'
Event: 7533.719 Thread 0x000001de21d22360 Unloading class 0x000001de3a080800 'java/lang/invoke/LambdaForm$MH+0x000001de3a080800'
Event: 7533.719 Thread 0x000001de21d22360 Unloading class 0x000001de3a080400 'java/lang/invoke/LambdaForm$MH+0x000001de3a080400'
Event: 7533.719 Thread 0x000001de21d22360 Unloading class 0x000001de3a080000 'java/lang/invoke/LambdaForm$MH+0x000001de3a080000'
Event: 7533.719 Thread 0x000001de21d22360 Unloading class 0x000001de3a01f800 'java/lang/invoke/LambdaForm$MH+0x000001de3a01f800'
Event: 7533.719 Thread 0x000001de21d22360 Unloading class 0x000001de3a01e800 'java/lang/invoke/LambdaForm$MH+0x000001de3a01e800'
Event: 7533.720 Thread 0x000001de21d22360 Unloading class 0x000001de3a01e400 'java/lang/invoke/LambdaForm$MH+0x000001de3a01e400'
Event: 7533.720 Thread 0x000001de21d22360 Unloading class 0x000001de3a01dc00 'java/lang/invoke/LambdaForm$MH+0x000001de3a01dc00'
Event: 7533.720 Thread 0x000001de21d22360 Unloading class 0x000001de3a016400 'java/lang/invoke/LambdaForm$MH+0x000001de3a016400'
Event: 7533.720 Thread 0x000001de21d22360 Unloading class 0x000001de3a014800 'java/lang/invoke/LambdaForm$MH+0x000001de3a014800'
Event: 7533.720 Thread 0x000001de21d22360 Unloading class 0x000001de3a000400 'java/lang/invoke/LambdaForm$MH+0x000001de3a000400'

Classes redefined (0 events):
No events

Internal exceptions (20 events):
Event: 10121.660 Thread 0x000001de04c484f0 Implicit null exception at 0x000001de27a9a29b to 0x000001de27a9a855
Event: 10121.660 Thread 0x000001de04c484f0 Exception <a 'java/lang/NullPointerException'{0x00000000d5887c38}> (0x00000000d5887c38) 
thrown [s\src\hotspot\share\runtime\sharedRuntime.cpp, line 625]
Event: 10121.661 Thread 0x000001de04c484f0 Implicit null exception at 0x000001de27a9a29b to 0x000001de27a9a855
Event: 10121.661 Thread 0x000001de04c484f0 Exception <a 'java/lang/NullPointerException'{0x00000000d588d320}> (0x00000000d588d320) 
thrown [s\src\hotspot\share\runtime\sharedRuntime.cpp, line 625]
Event: 10121.661 Thread 0x000001de04c484f0 Implicit null exception at 0x000001de27a9a29b to 0x000001de27a9a855
Event: 10121.661 Thread 0x000001de04c484f0 Exception <a 'java/lang/NullPointerException'{0x00000000d589a2a8}> (0x00000000d589a2a8) 
thrown [s\src\hotspot\share\runtime\sharedRuntime.cpp, line 625]
Event: 10241.692 Thread 0x000001de06ab2660 Implicit null exception at 0x000001de27a9a29b to 0x000001de27a9a855
Event: 10241.692 Thread 0x000001de06ab2660 Exception <a 'java/lang/NullPointerException'{0x00000000d57b8de0}> (0x00000000d57b8de0) 
thrown [s\src\hotspot\share\runtime\sharedRuntime.cpp, line 625]
Event: 10241.692 Thread 0x000001de06ab2660 Implicit null exception at 0x000001de27a9a29b to 0x000001de27a9a855
Event: 10241.692 Thread 0x000001de06ab2660 Exception <a 'java/lang/NullPointerException'{0x00000000d57bae30}> (0x00000000d57bae30) 
thrown [s\src\hotspot\share\runtime\sharedRuntime.cpp, line 625]
Event: 10241.692 Thread 0x000001de06ab2660 Implicit null exception at 0x000001de27a9a29b to 0x000001de27a9a855
Event: 10241.692 Thread 0x000001de06ab2660 Exception <a 'java/lang/NullPointerException'{0x00000000d57bcf48}> (0x00000000d57bcf48) 
thrown [s\src\hotspot\share\runtime\sharedRuntime.cpp, line 625]
Event: 10241.746 Thread 0x000001de06ab2660 Implicit null exception at 0x000001de27a9a29b to 0x000001de27a9a855
Event: 10241.746 Thread 0x000001de06ab2660 Exception <a 'java/lang/NullPointerException'{0x00000000d58ff8c8}> (0x00000000d58ff8c8) 
thrown [s\src\hotspot\share\runtime\sharedRuntime.cpp, line 625]
Event: 10241.746 Thread 0x000001de06ab2660 Implicit null exception at 0x000001de27a9a29b to 0x000001de27a9a855
Event: 10241.746 Thread 0x000001de06ab2660 Exception <a 'java/lang/NullPointerException'{0x00000000d59017b0}> (0x00000000d59017b0) 
thrown [s\src\hotspot\share\runtime\sharedRuntime.cpp, line 625]
Event: 10241.746 Thread 0x000001de06ab2660 Implicit null exception at 0x000001de27a9a29b to 0x000001de27a9a855
Event: 10241.746 Thread 0x000001de06ab2660 Exception <a 'java/lang/NullPointerException'{0x00000000d5903738}> (0x00000000d5903738) 
thrown [s\src\hotspot\share\runtime\sharedRuntime.cpp, line 625]
Event: 10359.436 Thread 0x000001de060f6ab0 Exception <a 'sun/nio/fs/WindowsException'{0x00000000d5a99210}> (0x00000000d5a99210) 
thrown [s\src\hotspot\share\prims\jni.cpp, line 520]
Event: 10359.437 Thread 0x000001de060f6ab0 Exception <a 'sun/nio/fs/WindowsException'{0x00000000d5a99e18}> (0x00000000d5a99e18) 
thrown [s\src\hotspot\share\prims\jni.cpp, line 520]

ZGC Phase Switch (0 events):
No events

VM Operations (20 events):
Event: 12327.393 Executing VM operation: HandshakeAllThreads (HandshakeForDeflation)
Event: 12327.394 Executing VM operation: HandshakeAllThreads (HandshakeForDeflation) done
Event: 12327.394 Executing VM operation: RendezvousGCThreads
Event: 12327.394 Executing VM operation: RendezvousGCThreads done
Event: 12387.624 Executing VM operation: HandshakeAllThreads (HandshakeForDeflation)
Event: 12387.624 Executing VM operation: HandshakeAllThreads (HandshakeForDeflation) done
Event: 12387.624 Executing VM operation: RendezvousGCThreads
Event: 12387.624 Executing VM operation: RendezvousGCThreads done
Event: 12567.817 Executing VM operation: HandshakeAllThreads (HandshakeForDeflation)
Event: 12567.822 Executing VM operation: HandshakeAllThreads (HandshakeForDeflation) done
Event: 12567.822 Executing VM operation: RendezvousGCThreads
Event: 12567.822 Executing VM operation: RendezvousGCThreads done
Event: 12627.899 Executing VM operation: HandshakeAllThreads (HandshakeForDeflation)
Event: 12627.899 Executing VM operation: HandshakeAllThreads (HandshakeForDeflation) done
Event: 12627.900 Executing VM operation: RendezvousGCThreads
Event: 12627.900 Executing VM operation: RendezvousGCThreads done
Event: 12688.174 Executing VM operation: HandshakeAllThreads (HandshakeForDeflation)
Event: 12688.260 Executing VM operation: HandshakeAllThreads (HandshakeForDeflation) done
Event: 12688.260 Executing VM operation: RendezvousGCThreads
Event: 12688.260 Executing VM operation: RendezvousGCThreads done

Memory protections (0 events):
No events

Nmethod flushes (20 events):
Event: 7535.197 Thread 0x000001de21d22360 flushing  nmethod 0x000001de27ed6890
Event: 7535.197 Thread 0x000001de21d22360 flushing  nmethod 0x000001de27eec190
Event: 7535.197 Thread 0x000001de21d22360 flushing  nmethod 0x000001de27ef1f90
Event: 7535.197 Thread 0x000001de21d22360 flushing  nmethod 0x000001de27ef8590
Event: 7535.212 Thread 0x000001de21d22360 flushing  nmethod 0x000001de27efc610
Event: 7535.212 Thread 0x000001de21d22360 flushing  nmethod 0x000001de27efca90
Event: 7535.235 Thread 0x000001de21d22360 flushing  nmethod 0x000001de27f02590
Event: 7535.235 Thread 0x000001de21d22360 flushing  nmethod 0x000001de27f03490
Event: 7535.235 Thread 0x000001de21d22360 flushing  nmethod 0x000001de27f09310
Event: 7535.235 Thread 0x000001de21d22360 flushing  nmethod 0x000001de27f1b390
Event: 7535.258 Thread 0x000001de21d22360 flushing  nmethod 0x000001de27f2b510
Event: 7535.258 Thread 0x000001de21d22360 flushing  nmethod 0x000001de27f2fd90
Event: 7535.258 Thread 0x000001de21d22360 flushing  nmethod 0x000001de27f30610
Event: 7535.258 Thread 0x000001de21d22360 flushing  nmethod 0x000001de27f3c390
Event: 7535.258 Thread 0x000001de21d22360 flushing  nmethod 0x000001de27f3d590
Event: 7535.258 Thread 0x000001de21d22360 flushing  nmethod 0x000001de27f3e990
Event: 7535.258 Thread 0x000001de21d22360 flushing  nmethod 0x000001de27f41410
Event: 7535.258 Thread 0x000001de21d22360 flushing  nmethod 0x000001de27f47090
Event: 7535.258 Thread 0x000001de21d22360 flushing  nmethod 0x000001de27f4bc10
Event: 7535.258 Thread 0x000001de21d22360 flushing  nmethod 0x000001de27f59390

Events (20 events):
Event: 10359.456 Thread 0x000001de04c484f0 Thread exited: 0x000001de04c484f0
Event: 10359.615 Thread 0x000001de060f6ab0 Thread added: 0x000001de04c49210
Event: 10359.615 Thread 0x000001de04c49210 Thread exited: 0x000001de04c49210
Event: 10360.451 Thread 0x000001de04c47140 Thread exited: 0x000001de04c47140
Event: 10360.458 Thread 0x000001de04c45070 Thread exited: 0x000001de04c45070
Event: 10360.458 Thread 0x000001de04c449e0 Thread exited: 0x000001de04c449e0
Event: 10360.458 Thread 0x000001de04c477d0 Thread exited: 0x000001de04c477d0
Event: 10360.458 Thread 0x000001de04c46420 Thread exited: 0x000001de04c46420
Event: 10360.458 Thread 0x000001de06aae4c0 Thread exited: 0x000001de06aae4c0
Event: 10360.459 Thread 0x000001de04c42fa0 Thread exited: 0x000001de04c42fa0
Event: 10360.459 Thread 0x000001de04c44350 Thread exited: 0x000001de04c44350
Event: 10360.459 Thread 0x000001de04c43cc0 Thread exited: 0x000001de04c43cc0
Event: 10360.459 Thread 0x000001de04c47e60 Thread exited: 0x000001de04c47e60
Event: 10388.784 Thread 0x000001de04c48b80 Thread exited: 0x000001de04c48b80
Event: 10448.791 Thread 0x000001de06aad7a0 Thread exited: 0x000001de06aad7a0
Event: 10508.798 Thread 0x000001de06ab2660 Thread exited: 0x000001de06ab2660
Event: 10568.812 Thread 0x000001de06aaf1e0 Thread exited: 0x000001de06aaf1e0
Event: 10628.826 Thread 0x000001de06ab4730 Thread exited: 0x000001de06ab4730
Event: 10688.842 Thread 0x000001de06ab0c20 Thread exited: 0x000001de06ab0c20
Event: 10748.892 Thread 0x000001de06ab40a0 Thread exited: 0x000001de06ab40a0


Dynamic libraries:
0x00007ff7c3070000 - 0x00007ff7c307e000 	c:\Users\Tanishq\.vscode\extensions\redhat.java-1.50.0-win32-x64\jre\21.0.9-win32-x86_64\bin\java.exe
0x00007ffeea840000 - 0x00007ffeeaaa8000 	C:\WINDOWS\SYSTEM32\ntdll.dll
0x00007ffee8e40000 - 0x00007ffee8f09000 	C:\WINDOWS\System32\KERNEL32.DLL
0x00007ffee7c50000 - 0x00007ffee8048000 	C:\WINDOWS\System32\KERNELBASE.dll
0x00007ffee8050000 - 0x00007ffee819b000 	C:\WINDOWS\System32\ucrtbase.dll
0x00007ffe72bf0000 - 0x00007ffe72c08000 	c:\Users\Tanishq\.vscode\extensions\redhat.java-1.50.0-win32-x64\jre\21.0.9-win32-x86_64\bin\jli.dll
0x00007ffe714d0000 - 0x00007ffe714ee000 	c:\Users\Tanishq\.vscode\extensions\redhat.java-1.50.0-win32-x64\jre\21.0.9-win32-x86_64\bin\VCRUNTIME140.dll
0x00007ffee9c20000 - 0x00007ffee9de7000 	C:\WINDOWS\System32\USER32.dll
0x00007ffee7b70000 - 0x00007ffee7b97000 	C:\WINDOWS\System32\win32u.dll
0x00007ffee92c0000 - 0x00007ffee92eb000 	C:\WINDOWS\System32\GDI32.dll
0x00007ffed04a0000 - 0x00007ffed0734000 	C:\WINDOWS\WinSxS\amd64_microsoft.windows.common-controls_6595b64144ccf1df_6.0.26100.7019_none_3e06ffa0e335b8a8\COMCTL32.dll
0x00007ffee7990000 - 0x00007ffee7abc000 	C:\WINDOWS\System32\gdi32full.dll
0x00007ffee8a30000 - 0x00007ffee8ad9000 	C:\WINDOWS\System32\msvcrt.dll
0x00007ffee7ac0000 - 0x00007ffee7b63000 	C:\WINDOWS\System32\msvcp_win.dll
0x00007ffee8e00000 - 0x00007ffee8e31000 	C:\WINDOWS\System32\IMM32.DLL
0x00007ffeba220000 - 0x00007ffeba22c000 	c:\Users\Tanishq\.vscode\extensions\redhat.java-1.50.0-win32-x64\jre\21.0.9-win32-x86_64\bin\vcruntime140_1.dll
0x00007ffe4b030000 - 0x00007ffe4b0bd000 	c:\Users\Tanishq\.vscode\extensions\redhat.java-1.50.0-win32-x64\jre\21.0.9-win32-x86_64\bin\msvcp140.dll
0x00007ffe21dc0000 - 0x00007ffe22b60000 	c:\Users\Tanishq\.vscode\extensions\redhat.java-1.50.0-win32-x64\jre\21.0.9-win32-x86_64\bin\server\jvm.dll
0x00007ffee9df0000 - 0x00007ffee9ea4000 	C:\WINDOWS\System32\ADVAPI32.dll
0x00007ffee9eb0000 - 0x00007ffee9f56000 	C:\WINDOWS\System32\sechost.dll
0x00007ffee8ae0000 - 0x00007ffee8bf8000 	C:\WINDOWS\System32\RPCRT4.dll
0x00007ffee9b90000 - 0x00007ffee9c04000 	C:\WINDOWS\System32\WS2_32.dll
0x00007ffee7650000 - 0x00007ffee76ae000 	C:\WINDOWS\SYSTEM32\POWRPROF.dll
0x00007ffedffb0000 - 0x00007ffedffe5000 	C:\WINDOWS\SYSTEM32\WINMM.dll
0x00007ffedfff0000 - 0x00007ffedfffb000 	C:\WINDOWS\SYSTEM32\VERSION.dll
0x00007ffee7630000 - 0x00007ffee7644000 	C:\WINDOWS\SYSTEM32\UMPDC.dll
0x00007ffee66f0000 - 0x00007ffee670b000 	C:\WINDOWS\SYSTEM32\kernel.appcore.dll
0x00007ffea3c10000 - 0x00007ffea3c1a000 	c:\Users\Tanishq\.vscode\extensions\redhat.java-1.50.0-win32-x64\jre\21.0.9-win32-x86_64\bin\jimage.dll
0x00007ffedade0000 - 0x00007ffedb022000 	C:\WINDOWS\SYSTEM32\DBGHELP.DLL
0x00007ffeea470000 - 0x00007ffeea7fb000 	C:\WINDOWS\System32\combase.dll
0x00007ffee92f0000 - 0x00007ffee93c7000 	C:\WINDOWS\System32\OLEAUT32.dll
0x00007ffecebf0000 - 0x00007ffecec2c000 	C:\WINDOWS\SYSTEM32\dbgcore.DLL
0x00007ffee7ba0000 - 0x00007ffee7c45000 	C:\WINDOWS\System32\bcryptPrimitives.dll
0x00007ffe9fbf0000 - 0x00007ffe9fbff000 	c:\Users\Tanishq\.vscode\extensions\redhat.java-1.50.0-win32-x64\jre\21.0.9-win32-x86_64\bin\instrument.dll
0x00007ffe6e540000 - 0x00007ffe6e560000 	c:\Users\Tanishq\.vscode\extensions\redhat.java-1.50.0-win32-x64\jre\21.0.9-win32-x86_64\bin\java.dll
0x00007ffee93e0000 - 0x00007ffee9b2f000 	C:\WINDOWS\System32\SHELL32.dll
0x00007ffee81a0000 - 0x00007ffee830b000 	C:\WINDOWS\System32\wintypes.dll
0x00007ffee55b0000 - 0x00007ffee5e0d000 	C:\WINDOWS\SYSTEM32\windows.storage.dll
0x00007ffee8610000 - 0x00007ffee8702000 	C:\WINDOWS\System32\SHCORE.dll
0x00007ffee8710000 - 0x00007ffee8777000 	C:\WINDOWS\System32\shlwapi.dll
0x00007ffee78b0000 - 0x00007ffee78d9000 	C:\WINDOWS\SYSTEM32\profapi.dll
0x00007ffe4ebb0000 - 0x00007ffe4ebc8000 	c:\Users\Tanishq\.vscode\extensions\redhat.java-1.50.0-win32-x64\jre\21.0.9-win32-x86_64\bin\zip.dll
0x00007ffe9dea0000 - 0x00007ffe9deb0000 	C:\Users\Tanishq\.vscode\extensions\redhat.java-1.50.0-win32-x64\jre\21.0.9-win32-x86_64\bin\net.dll
0x00007ffedfc80000 - 0x00007ffedfda8000 	C:\WINDOWS\SYSTEM32\WINHTTP.dll
0x00007ffee6cc0000 - 0x00007ffee6d2b000 	C:\WINDOWS\system32\mswsock.dll
0x00007ffe4e590000 - 0x00007ffe4e5a6000 	C:\Users\Tanishq\.vscode\extensions\redhat.java-1.50.0-win32-x64\jre\21.0.9-win32-x86_64\bin\nio.dll
0x00007ffe9e840000 - 0x00007ffe9e850000 	c:\Users\Tanishq\.vscode\extensions\redhat.java-1.50.0-win32-x64\jre\21.0.9-win32-x86_64\bin\verify.dll
0x00007ffe4afe0000 - 0x00007ffe4b024000 	C:\Users\Tanishq\AppData\Roaming\Code\User\globalStorage\redhat.java\1.50.0\config_win\org.eclipse.equinox.launcher\org.eclipse.equinox.launcher.win32.win32.x86_64_1.2.1400.v20250801-0854\eclipse_11916.dll
0x00007ffee8f10000 - 0x00007ffee90a7000 	C:\WINDOWS\System32\ole32.dll
0x00007ffee6f80000 - 0x00007ffee6f9b000 	C:\WINDOWS\SYSTEM32\CRYPTSP.dll
0x00007ffee66b0000 - 0x00007ffee66ea000 	C:\WINDOWS\system32\rsaenh.dll
0x00007ffee6d70000 - 0x00007ffee6d9b000 	C:\WINDOWS\SYSTEM32\USERENV.dll
0x00007ffee7880000 - 0x00007ffee78aa000 	C:\WINDOWS\SYSTEM32\bcrypt.dll
0x00007ffee6fa0000 - 0x00007ffee6fac000 	C:\WINDOWS\SYSTEM32\CRYPTBASE.dll
0x00007ffee6140000 - 0x00007ffee6174000 	C:\WINDOWS\SYSTEM32\IPHLPAPI.DLL
0x00007ffee8c00000 - 0x00007ffee8c0a000 	C:\WINDOWS\System32\NSI.dll
0x00007ffe466e0000 - 0x00007ffe46729000 	C:\Users\Tanishq\AppData\Local\Temp\jna-122754740\jna11429815569625613657.dll
0x00007ffee93d0000 - 0x00007ffee93d8000 	C:\WINDOWS\System32\PSAPI.DLL
0x00007ffee1790000 - 0x00007ffee17ae000 	C:\WINDOWS\SYSTEM32\dhcpcsvc6.DLL
0x00007ffee16e0000 - 0x00007ffee1703000 	C:\WINDOWS\SYSTEM32\dhcpcsvc.DLL
0x00007ffe9c920000 - 0x00007ffe9c92e000 	C:\Users\Tanishq\.vscode\extensions\redhat.java-1.50.0-win32-x64\jre\21.0.9-win32-x86_64\bin\sunmscapi.dll
0x00007ffee8310000 - 0x00007ffee8487000 	C:\WINDOWS\System32\CRYPT32.dll
0x00007ffee71a0000 - 0x00007ffee71d0000 	C:\WINDOWS\SYSTEM32\ncrypt.dll
0x00007ffee7150000 - 0x00007ffee718f000 	C:\WINDOWS\SYSTEM32\NTASN1.dll
0x00007ffee61d0000 - 0x00007ffee62fc000 	C:\WINDOWS\SYSTEM32\DNSAPI.dll
0x00007ffedcf60000 - 0x00007ffedcf6b000 	C:\Windows\System32\rasadhlp.dll
0x00007ffee1830000 - 0x00007ffee18b6000 	C:\WINDOWS\System32\fwpuclnt.dll
0x00007ffe9c4b0000 - 0x00007ffe9c4b9000 	C:\Users\Tanishq\.vscode\extensions\redhat.java-1.50.0-win32-x64\jre\21.0.9-win32-x86_64\bin\extnet.dll
0x00007ffebb4f0000 - 0x00007ffebb4f8000 	C:\WINDOWS\system32\wshunix.dll
0x00007ffee6870000 - 0x00007ffee68a6000 	C:\WINDOWS\SYSTEM32\ntmarta.dll

JVMTI agents:
c:\Users\Tanishq\.vscode\extensions\redhat.java-1.50.0-win32-x64\lombok\lombok-1.18.39-4050.jar path:c:\Users\Tanishq\.vscode\extensions\redhat.java-1.50.0-win32-x64\jre\21.0.9-win32-x86_64\bin\instrument.dll, loaded, initialized, instrumentlib options:none

dbghelp: loaded successfully - version: 4.0.5 - missing functions: none
symbol engine: initialized successfully - sym options: 0x614 - pdb path: .;c:\Users\Tanishq\.vscode\extensions\redhat.java-1.50.0-win32-x64\jre\21.0.9-win32-x86_64\bin;C:\WINDOWS\SYSTEM32;C:\WINDOWS\WinSxS\amd64_microsoft.windows.common-controls_6595b64144ccf1df_6.0.26100.7019_none_3e06ffa0e335b8a8;c:\Users\Tanishq\.vscode\extensions\redhat.java-1.50.0-win32-x64\jre\21.0.9-win32-x86_64\bin\server;C:\Users\Tanishq\AppData\Roaming\Code\User\globalStorage\redhat.java\1.50.0\config_win\org.eclipse.equinox.launcher\org.eclipse.equinox.launcher.win32.win32.x86_64_1.2.1400.v20250801-0854;C:\Users\Tanishq\AppData\Local\Temp\jna-122754740

VM Arguments:
jvm_args: --add-modules=ALL-SYSTEM --add-opens=java.base/java.util=ALL-UNNAMED --add-opens=java.base/java.lang=ALL-UNNAMED --add-opens=java.base/sun.nio.fs=ALL-UNNAMED -Declipse.application=org.eclipse.jdt.ls.core.id1 -Dosgi.bundles.defaultStartLevel=4 -Declipse.product=org.eclipse.jdt.ls.core.product -Djava.import.generatesMetadataFilesAtProjectRoot=false -DDetectVMInstallationsJob.disabled=true -Dfile.encoding=utf8 -XX:+UseParallelGC -XX:GCTimeRatio=4 -XX:AdaptiveSizePolicyWeight=90 -Dsun.zip.disableMemoryMapping=true -Xmx2G -Xms100m -Xlog:disable -javaagent:c:\Users\Tanishq\.vscode\extensions\redhat.java-1.50.0-win32-x64\lombok\lombok-1.18.39-4050.jar -XX:+HeapDumpOnOutOfMemoryError -XX:HeapDumpPath=c:\Users\Tanishq\AppData\Roaming\Code\User\workspaceStorage\53c3bf045e7d43b34f4193c12ff92d2c\redhat.java -Daether.dependencyCollector.impl=bf 
java_command: c:\Users\Tanishq\.vscode\extensions\redhat.java-1.50.0-win32-x64\server\plugins\org.eclipse.equinox.launcher_1.7.100.v20251111-0406.jar -configuration c:\Users\Tanishq\AppData\Roaming\Code\User\globalStorage\redhat.java\1.50.0\config_win -data c:\Users\Tanishq\AppData\Roaming\Code\User\workspaceStorage\53c3bf045e7d43b34f4193c12ff92d2c\redhat.java\jdt_ws --pipe=\\.\pipe\lsp-b00ec3046dbc856877970242bfd674c4-sock
java_class_path (initial): c:\Users\Tanishq\.vscode\extensions\redhat.java-1.50.0-win32-x64\server\plugins\org.eclipse.equinox.launcher_1.7.100.v20251111-0406.jar
Launcher Type: SUN_STANDARD

[Global flags]
    uintx AdaptiveSizePolicyWeight                 = 90                                        {product} {command line}
     intx CICompilerCount                          = 4                                         {product} {ergonomic}
    uintx GCTimeRatio                              = 4                                         {product} {command line}
     bool HeapDumpOnOutOfMemoryError               = true                                   {manageable} {command line}
    ccstr HeapDumpPath                             = c:\Users\Tanishq\AppData\Roaming\Code\User\workspaceStorage\53c3bf045e7d43b34f4193c12ff92d2c\redhat.java         {manageable} {command line}
   size_t InitialHeapSize                          = 104857600                                 {product} {command line}
   size_t MaxHeapSize                              = 2147483648                                {product} {command line}
   size_t MaxNewSize                               = 715653120                                 {product} {ergonomic}
   size_t MinHeapDeltaBytes                        = 524288                                    {product} {ergonomic}
   size_t MinHeapSize                              = 104857600                                 {product} {command line}
   size_t NewSize                                  = 34603008                                  {product} {ergonomic}
    uintx NonNMethodCodeHeapSize                   = 5839372                                {pd product} {ergonomic}
    uintx NonProfiledCodeHeapSize                  = 122909434                              {pd product} {ergonomic}
   size_t OldSize                                  = 70254592                                  {product} {ergonomic}
    uintx ProfiledCodeHeapSize                     = 122909434                              {pd product} {ergonomic}
    uintx ReservedCodeCacheSize                    = 251658240                              {pd product} {ergonomic}
     bool SegmentedCodeCache                       = true                                      {product} {ergonomic}
   size_t SoftMaxHeapSize                          = 2147483648                             {manageable} {ergonomic}
     bool UseCompressedOops                        = true                           {product lp64_product} {ergonomic}
     bool UseLargePagesIndividualAllocation        = false                                  {pd product} {ergonomic}
     bool UseParallelGC                            = true                                      {product} {command line}

Logging:
Log output configuration:
 #0: stdout all=off uptime,level,tags foldmultilines=false
 #1: stderr all=off uptime,level,tags foldmultilines=false

Release file:
JAVA_VERSION="21.0.9" 
MODULES="java.base java.compiler java.datatransfer java.xml java.prefs java.desktop java.instrument java.logging java.management java.security.sasl java.naming java.rmi java.management.rmi java.net.http java.scripting java.security.jgss java.transaction.xa java.sql java.sql.rowset java.xml.crypto java.se java.smartcardio jdk.accessibility jdk.internal.jvmstat jdk.attach jdk.charsets jdk.internal.opt jdk.zipfs jdk.compiler jdk.crypto.ec jdk.crypto.cryptoki jdk.crypto.mscapi jdk.dynalink jdk.internal.ed jdk.editpad jdk.hotspot.agent jdk.httpserver jdk.internal.le jdk.internal.vm.ci jdk.internal.vm.compiler jdk.internal.vm.compiler.management jdk.jartool jdk.javadoc jdk.jcmd jdk.management jdk.management.agent jdk.jconsole jdk.jdeps jdk.jdwp.agent jdk.jdi jdk.jfr jdk.jshell jdk.jsobject jdk.jstatd jdk.localedata jdk.management.jfr jdk.naming.dns jdk.naming.rmi jdk.net jdk.nio.mapmode jdk.random jdk.sctp jdk.security.auth jdk.security.jgss jdk.unsupported jdk.unsupported.desktop jdk.xml.dom" 

Environment Variables:
JAVA_HOME=C:\Program Files\Eclipse Adoptium\jdk-21.0.6.7-hotspot\
PATH=C:\Program Files\Eclipse Adoptium\jdk-21.0.6.7-hotspot\bin;C:\Program Files\Common Files\Oracle\Java\javapath;C:\Program Files (x86)\Common Files\Oracle\Java\java8path;C:\Program Files (x86)\Common Files\Oracle\Java\javapath;C:\Users\Tanishq\AppData\Local\Programs\Python\Python310\Scripts\;C:\Users\Tanishq\AppData\Local\Programs\Python\Python310\;C:\MinGW\bin:C:\Program Files\Java\jre1.8.0_311\bin;C:\Users\Tanishq\OneDrive\Desktop\jdk-18.0.1.1\bin;C:\ProgramData\chocolatey\bin;C:\Program Files\Amazon\AWSCLIV2\;C:\WINDOWS\system32;C:\WINDOWS;C:\WINDOWS\System32\Wbem;C:\WINDOWS\System32\WindowsPowerShell\v1.0\;C:\WINDOWS\System32\OpenSSH\;C:\Program Files (x86)\Microsoft SQL Server\160\Tools\Binn\;C:\Program Files\Microsoft SQL Server\160\Tools\Binn\;C:\Program Files\Microsoft SQL Server\Client SDK\ODBC\170\Tools\Binn\;C:\Program Files\Microsoft SQL Server\160\DTS\Binn\;C:\Program Files (x86)\Microsoft SQL Server\160\DTS\Binn\;C:\Users\Tanishq\Downloads\apache-maven-3.9.8\bin;C:\Users\Tanishq\Downloads\jdk-22.0.1\bin;C:\Program Files\Eclipse Adoptium\jdk-22.0.1.8-hotspot\bin;C:\Program Files\MongoDB\Server\7.0\bin;C:\Program Files\Git LFS;C:\Program Files\Docker\Docker\resources\bin;C:\Program Files\PostgreSQL\18\bin;C:\Program Files\nodejs\;C:\Users\Tanishq\AppData\Local\Programs\Python\Python312\Scripts\;C:\Users\Tanishq\AppData\Local\Programs\Python\Python312\;C:\Users\Tanishq\anaconda3\anaconda;C:\Users\Tanishq\anaconda3\anaconda\Library\mingw-w64\bin;C:\Users\Tanishq\anaconda3\anaconda\Library\usr\bin;C:\Users\Tanishq\anaconda3\anaconda\Library\bin;C:\Users\Tanishq\anaconda3\anaconda\Scripts;C:\Users\Tanishq\AppData\Local\Programs\Python\Python311\Scripts\;C:\Users\Tanishq\AppData\Local\Programs\Python\Python311\;C:\Users\Tanishq\AppData\Local\Programs\Python\Launcher\;C:\Users\Tanishq\AppData\Local\Programs\Python\Python310\Scripts\;C:\Users\Tanishq\AppData\Local\Programs\Python\Python310\;C:\Users\Tanishq\AppData\Local\Programs\Microsoft VS Code\bin;C:\Program Files\Java\jre1.8.0_311\bin;C:\Users\Tanishq\AppData\Local\Programs\Python\Python39\python.exe;C:\MinGW\bin;C:\Users\Tanishq\OneDrive\Desktop\jdk-18.0.1.1\bin;C:\Program Files\Java\jdk-18\bin;C:\Program Files\Git\bin;C:\Program Files\Eclipse Adoptium\jdk-17.0.4.8-hotspot\bin;C:\Program Files\Java\jdk-17.0.4\bin;C:\Users\Tanishq\AppData\Local\Microsoft\WindowsApps;C:\Program Files\MongoDB\Server\7.0\bin;C:\Program Files\MongoDB\Tools\100\bin;C:\Users\Tanishq\AppData\Local\Microsoft\WinGet\Packages\Schniz.fnm_Microsoft.Winget.Source_8wekyb3d8bbwe;C:\Users\Tanishq\AppData\Local\GitHubDesktop\bin;C:\Users\Tanishq\AppData\Roaming\npm
USERNAME=Tanishq
OS=Windows_NT
PROCESSOR_IDENTIFIER=AMD64 Family 23 Model 104 Stepping 1, AuthenticAMD
TMP=C:\Users\Tanishq\AppData\Local\Temp
TEMP=C:\Users\Tanishq\AppData\Local\Temp




Periodic native trim disabled

---------------  S Y S T E M  ---------------

OS:
 Windows 11 , 64 bit Build 26100 (10.0.26100.7019)
OS uptime: 19 days 14:12 hours
Hyper-V role detected

CPU: total 12 (initial active 12) (12 cores per cpu, 2 threads per core) family 23 model 104 stepping 1 microcode 0x8608107, cx8, cmov, fxsr, ht, mmx, 3dnowpref, sse, sse2, sse3, ssse3, sse4a, sse4.1, sse4.2, popcnt, lzcnt, tsc, tscinvbit, avx, avx2, aes, clmul, bmi1, bmi2, adx, sha, fma, vzeroupper, clflush, clflushopt, hv, rdtscp, rdpid, f16c
Processor Information for the first 12 processors :
  Max Mhz: 2100, Current Mhz: 2100, Mhz Limit: 2100

Memory: 4k page, system-wide physical 7501M (843M free)
TotalPageFile size 30029M (AvailPageFile size 35M)
current process WorkingSet (physical memory assigned to process): 8M, peak: 1358M
current process commit charge ("private bytes"): 1065M, peak: 1809M

vm_info: OpenJDK 64-Bit Server VM (21.0.9+10-LTS) for windows-amd64 JRE (21.0.9+10-LTS), built on 2025-10-21T00:00:00Z by "admin" with unknown MS VC++:1942

END.
